Archive member included to satisfy reference by file (symbol)

c:/siliconlabs/simplicitystudio/v5/developer/toolchains/gnu_arm/12.2.rel1_2023.7/bin/../lib/gcc/arm-none-eabi/12.2.1/thumb/v8-m.main+fp/hard\libgcc.a(_arm_muldf3.o)
                              ./third_party_hw_drivers_4.0.0/driver/public/silabs/ir_array_mlx90640/src/sparkfun_mlx90640.o (__aeabi_dmul)
c:/siliconlabs/simplicitystudio/v5/developer/toolchains/gnu_arm/12.2.rel1_2023.7/bin/../lib/gcc/arm-none-eabi/12.2.1/thumb/v8-m.main+fp/hard\libgcc.a(_arm_addsubdf3.o)
                              ./third_party_hw_drivers_4.0.0/driver/public/silabs/ir_array_mlx90640/src/sparkfun_mlx90640.o (__aeabi_dsub)
c:/siliconlabs/simplicitystudio/v5/developer/toolchains/gnu_arm/12.2.rel1_2023.7/bin/../lib/gcc/arm-none-eabi/12.2.1/thumb/v8-m.main+fp/hard\libgcc.a(_arm_muldivdf3.o)
                              ./third_party_hw_drivers_4.0.0/driver/public/silabs/ir_array_mlx90640/src/sparkfun_mlx90640.o (__aeabi_ddiv)
c:/siliconlabs/simplicitystudio/v5/developer/toolchains/gnu_arm/12.2.rel1_2023.7/bin/../lib/gcc/arm-none-eabi/12.2.1/thumb/v8-m.main+fp/hard\libgcc.a(_arm_cmpdf2.o)
                              ./third_party_hw_drivers_4.0.0/driver/public/silabs/ir_array_mlx90640/src/sparkfun_mlx90640.o (__aeabi_dcmplt)
c:/siliconlabs/simplicitystudio/v5/developer/toolchains/gnu_arm/12.2.rel1_2023.7/bin/../lib/gcc/arm-none-eabi/12.2.1/thumb/v8-m.main+fp/hard\libgcc.a(_arm_fixdfsi.o)
                              ./third_party_hw_drivers_4.0.0/driver/public/silabs/ir_array_mlx90640/src/sparkfun_mlx90640.o (__aeabi_d2iz)
c:/siliconlabs/simplicitystudio/v5/developer/toolchains/gnu_arm/12.2.rel1_2023.7/bin/../lib/gcc/arm-none-eabi/12.2.1/thumb/v8-m.main+fp/hard\libgcc.a(_arm_fixunsdfsi.o)
                              ./third_party_hw_drivers_4.0.0/driver/public/silabs/ir_array_mlx90640/src/sparkfun_mlx90640.o (__aeabi_d2uiz)
c:/siliconlabs/simplicitystudio/v5/developer/toolchains/gnu_arm/12.2.rel1_2023.7/bin/../lib/gcc/arm-none-eabi/12.2.1/thumb/v8-m.main+fp/hard\libgcc.a(_arm_truncdfsf2.o)
                              ./third_party_hw_drivers_4.0.0/driver/public/silabs/ir_array_mlx90640/src/sparkfun_mlx90640.o (__aeabi_d2f)
c:/siliconlabs/simplicitystudio/v5/developer/toolchains/gnu_arm/12.2.rel1_2023.7/bin/../lib/gcc/arm-none-eabi/12.2.1/thumb/v8-m.main+fp/hard\libgcc.a(_aeabi_ldivmod.o)
                              ./gecko_sdk_4.4.3/platform/emlib/src/em_usart.o (__aeabi_ldivmod)
c:/siliconlabs/simplicitystudio/v5/developer/toolchains/gnu_arm/12.2.rel1_2023.7/bin/../lib/gcc/arm-none-eabi/12.2.1/thumb/v8-m.main+fp/hard\libgcc.a(_aeabi_uldivmod.o)
                              ./gecko_sdk_4.4.3/platform/emlib/src/em_usart.o (__aeabi_uldivmod)
c:/siliconlabs/simplicitystudio/v5/developer/toolchains/gnu_arm/12.2.rel1_2023.7/bin/../lib/gcc/arm-none-eabi/12.2.1/thumb/v8-m.main+fp/hard\libgcc.a(_udivmoddi4.o)
                              c:/siliconlabs/simplicitystudio/v5/developer/toolchains/gnu_arm/12.2.rel1_2023.7/bin/../lib/gcc/arm-none-eabi/12.2.1/thumb/v8-m.main+fp/hard\libgcc.a(_aeabi_ldivmod.o) (__udivmoddi4)
c:/siliconlabs/simplicitystudio/v5/developer/toolchains/gnu_arm/12.2.rel1_2023.7/bin/../lib/gcc/arm-none-eabi/12.2.1/thumb/v8-m.main+fp/hard\libgcc.a(_dvmd_tls.o)
                              c:/siliconlabs/simplicitystudio/v5/developer/toolchains/gnu_arm/12.2.rel1_2023.7/bin/../lib/gcc/arm-none-eabi/12.2.1/thumb/v8-m.main+fp/hard\libgcc.a(_aeabi_ldivmod.o) (__aeabi_ldiv0)
c:/siliconlabs/simplicitystudio/v5/developer/toolchains/gnu_arm/12.2.rel1_2023.7/bin/../lib/gcc/arm-none-eabi/12.2.1/thumb/v8-m.main+fp/hard\libc_nano.a(libc_a-exit.o)
                              c:/siliconlabs/simplicitystudio/v5/developer/toolchains/gnu_arm/12.2.rel1_2023.7/bin/../lib/gcc/arm-none-eabi/12.2.1/thumb/v8-m.main+fp/hard/crt0.o (exit)
c:/siliconlabs/simplicitystudio/v5/developer/toolchains/gnu_arm/12.2.rel1_2023.7/bin/../lib/gcc/arm-none-eabi/12.2.1/thumb/v8-m.main+fp/hard\libc_nano.a(libc_a-ctype_.o)
                              ./gecko_sdk_4.4.3/platform/common/src/sl_string.o (_ctype_)
c:/siliconlabs/simplicitystudio/v5/developer/toolchains/gnu_arm/12.2.rel1_2023.7/bin/../lib/gcc/arm-none-eabi/12.2.1/thumb/v8-m.main+fp/hard\libc_nano.a(libc_a-nano-vfprintf_float.o)
                              (_printf_float)
c:/siliconlabs/simplicitystudio/v5/developer/toolchains/gnu_arm/12.2.rel1_2023.7/bin/../lib/gcc/arm-none-eabi/12.2.1/thumb/v8-m.main+fp/hard\libc_nano.a(libc_a-nano-vfprintf_i.o)
                              c:/siliconlabs/simplicitystudio/v5/developer/toolchains/gnu_arm/12.2.rel1_2023.7/bin/../lib/gcc/arm-none-eabi/12.2.1/thumb/v8-m.main+fp/hard\libc_nano.a(libc_a-nano-vfprintf_float.o) (_printf_common)
c:/siliconlabs/simplicitystudio/v5/developer/toolchains/gnu_arm/12.2.rel1_2023.7/bin/../lib/gcc/arm-none-eabi/12.2.1/thumb/v8-m.main+fp/hard\libc_nano.a(libc_a-findfp.o)
[...]
Memory Configuration

Name             Origin             Length             Attributes
FLASH            0x08000000         0x0017e000         xr
RAM              0x20000000         0x00040000         xrw
*default*        0x00000000         0xffffffff

Linker script and memory map

LOAD c:/siliconlabs/simplicitystudio/v5/developer/toolchains/gnu_arm/12.2.rel1_2023.7/bin/../lib/gcc/arm-none-eabi/12.2.1/thumb/v8-m.main+fp/hard/crti.o
LOAD c:/siliconlabs/simplicitystudio/v5/developer/toolchains/gnu_arm/12.2.rel1_2023.7/bin/../lib/gcc/arm-none-eabi/12.2.1/thumb/v8-m.main+fp/hard/crtbegin.o
LOAD c:/siliconlabs/simplicitystudio/v5/developer/toolchains/gnu_arm/12.2.rel1_2023.7/bin/../lib/gcc/arm-none-eabi/12.2.1/thumb/v8-m.main+fp/hard/crt0.o
START GROUP
LOAD ./app.o
LOAD ./main.o
LOAD ./autogen/sl_board_default_init.o
LOAD ./autogen/sl_device_init_clocks.o
LOAD ./autogen/sl_event_handler.o
LOAD ./autogen/sl_i2cspm_init.o
LOAD ./autogen/sl_iostream_handles.o
LOAD ./autogen/sl_iostream_init_usart_instances.o
LOAD ./gecko_sdk_4.4.3/app/common/util/app_log/app_log.o
LOAD ./gecko_sdk_4.4.3/hardware/board/src/sl_board_control_gpio.o
LOAD ./gecko_sdk_4.4.3/hardware/board/src/sl_board_init.o
LOAD ./gecko_sdk_4.4.3/hardware/driver/configuration_over_swo/src/sl_cos.o
LOAD ./gecko_sdk_4.4.3/hardware/driver/mx25_flash_shutdown/src/sl_mx25_flash_shutdown_usart/sl_mx25_flash_shutdown.o
LOAD ./gecko_sdk_4.4.3/platform/Device/SiliconLabs/EFR32MG24/Source/startup_efr32mg24.o
LOAD ./gecko_sdk_4.4.3/platform/Device/SiliconLabs/EFR32MG24/Source/system_efr32mg24.o
LOAD ./gecko_sdk_4.4.3/platform/common/src/sl_assert.o
LOAD ./gecko_sdk_4.4.3/platform/common/src/sl_string.o
LOAD ./gecko_sdk_4.4.3/platform/common/src/sl_syscalls.o
LOAD ./gecko_sdk_4.4.3/platform/common/toolchain/src/sl_memory.o
LOAD ./gecko_sdk_4.4.3/platform/driver/debug/src/sl_debug_swo.o
LOAD ./gecko_sdk_4.4.3/platform/driver/i2cspm/src/sl_i2cspm.o
LOAD ./gecko_sdk_4.4.3/platform/emdrv/dmadrv/src/dmadrv.o
LOAD ./gecko_sdk_4.4.3/platform/emlib/src/em_burtc.o
LOAD ./gecko_sdk_4.4.3/platform/emlib/src/em_cmu.o
LOAD ./gecko_sdk_4.4.3/platform/emlib/src/em_core.o
LOAD ./gecko_sdk_4.4.3/platform/emlib/src/em_emu.o
LOAD ./gecko_sdk_4.4.3/platform/emlib/src/em_gpio.o
LOAD ./gecko_sdk_4.4.3/platform/emlib/src/em_i2c.o
LOAD ./gecko_sdk_4.4.3/platform/emlib/src/em_ldma.o
LOAD ./gecko_sdk_4.4.3/platform/emlib/src/em_msc.o
LOAD ./gecko_sdk_4.4.3/platform/emlib/src/em_prs.o
LOAD ./gecko_sdk_4.4.3/platform/emlib/src/em_system.o
LOAD ./gecko_sdk_4.4.3/platform/emlib/src/em_timer.o
LOAD ./gecko_sdk_4.4.3/platform/emlib/src/em_usart.o
LOAD ./gecko_sdk_4.4.3/platform/peripheral/src/peripheral_sysrtc.o
LOAD ./gecko_sdk_4.4.3/platform/service/device_init/src/sl_device_init_dcdc_s2.o
LOAD ./gecko_sdk_4.4.3/platform/service/device_init/src/sl_device_init_emu_s2.o
LOAD ./gecko_sdk_4.4.3/platform/service/device_init/src/sl_device_init_hfxo_s2.o
LOAD ./gecko_sdk_4.4.3/platform/service/device_init/src/sl_device_init_lfxo_s2.o
LOAD ./gecko_sdk_4.4.3/platform/service/device_init/src/sl_device_init_nvic.o
LOAD ./gecko_sdk_4.4.3/platform/service/iostream/src/sl_iostream.o
LOAD ./gecko_sdk_4.4.3/platform/service/iostream/src/sl_iostream_retarget_stdio.o
LOAD ./gecko_sdk_4.4.3/platform/service/iostream/src/sl_iostream_stdlib_config.o
LOAD ./gecko_sdk_4.4.3/platform/service/iostream/src/sl_iostream_uart.o
LOAD ./gecko_sdk_4.4.3/platform/service/iostream/src/sl_iostream_usart.o
LOAD ./gecko_sdk_4.4.3/platform/service/sleeptimer/src/sl_sleeptimer.o
LOAD ./gecko_sdk_4.4.3/platform/service/sleeptimer/src/sl_sleeptimer_hal_burtc.o
LOAD ./gecko_sdk_4.4.3/platform/service/sleeptimer/src/sl_sleeptimer_hal_sysrtc.o
LOAD ./gecko_sdk_4.4.3/platform/service/sleeptimer/src/sl_sleeptimer_hal_timer.o
LOAD ./gecko_sdk_4.4.3/platform/service/system/src/sl_system_init.o
LOAD ./gecko_sdk_4.4.3/platform/service/system/src/sl_system_process_action.o
LOAD ./gecko_sdk_4.4.3/platform/service/udelay/src/sl_udelay.o
LOAD ./gecko_sdk_4.4.3/platform/service/udelay/src/sl_udelay_armv6m_gcc.o
LOAD ./third_party_hw_drivers_4.0.0/driver/peripheral_drivers/mikroe/src/drv_i2c_master.o
LOAD ./third_party_hw_drivers_4.0.0/driver/public/silabs/ir_array_mlx90640/src/sparkfun_mlx90640.o
LOAD c:/siliconlabs/simplicitystudio/v5/developer/toolchains/gnu_arm/12.2.rel1_2023.7/bin/../lib/gcc/arm-none-eabi/12.2.1/thumb/v8-m.main+fp/hard\libgcc.a
LOAD c:/siliconlabs/simplicitystudio/v5/developer/toolchains/gnu_arm/12.2.rel1_2023.7/bin/../lib/gcc/arm-none-eabi/12.2.1/thumb/v8-m.main+fp/hard\libc_nano.a
LOAD c:/siliconlabs/simplicitystudio/v5/developer/toolchains/gnu_arm/12.2.rel1_2023.7/bin/../lib/gcc/arm-none-eabi/12.2.1/thumb/v8-m.main+fp/hard\libm.a
LOAD c:/siliconlabs/simplicitystudio/v5/developer/toolchains/gnu_arm/12.2.rel1_2023.7/bin/../lib/gcc/arm-none-eabi/12.2.1/thumb/v8-m.main+fp/hard\libnosys.a
END GROUP
START GROUP
LOAD c:/siliconlabs/simplicitystudio/v5/developer/toolchains/gnu_arm/12.2.rel1_2023.7/bin/../lib/gcc/arm-none-eabi/12.2.1/thumb/v8-m.main+fp/hard\libgcc.a
LOAD c:/siliconlabs/simplicitystudio/v5/developer/toolchains/gnu_arm/12.2.rel1_2023.7/bin/../lib/gcc/arm-none-eabi/12.2.1/thumb/v8-m.main+fp/hard\libc_nano.a
LOAD c:/siliconlabs/simplicitystudio/v5/developer/toolchains/gnu_arm/12.2.rel1_2023.7/bin/../lib/gcc/arm-none-eabi/12.2.1/thumb/v8-m.main+fp/hard\libnosys.a
END GROUP
START GROUP
LOAD c:/siliconlabs/simplicitystudio/v5/developer/toolchains/gnu_arm/12.2.rel1_2023.7/bin/../lib/gcc/arm-none-eabi/12.2.1/thumb/v8-m.main+fp/hard\libgcc.a
LOAD c:/siliconlabs/simplicitystudio/v5/developer/toolchains/gnu_arm/12.2.rel1_2023.7/bin/../lib/gcc/arm-none-eabi/12.2.1/thumb/v8-m.main+fp/hard\libg_nano.a
LOAD c:/siliconlabs/simplicitystudio/v5/developer/toolchains/gnu_arm/12.2.rel1_2023.7/bin/../lib/gcc/arm-none-eabi/12.2.1/thumb/v8-m.main+fp/hard\libc_nano.a
END GROUP
START GROUP
LOAD c:/siliconlabs/simplicitystudio/v5/developer/toolchains/gnu_arm/12.2.rel1_2023.7/bin/../lib/gcc/arm-none-eabi/12.2.1/thumb/v8-m.main+fp/hard\libgcc.a
LOAD c:/siliconlabs/simplicitystudio/v5/developer/toolchains/gnu_arm/12.2.rel1_2023.7/bin/../lib/gcc/arm-none-eabi/12.2.1/thumb/v8-m.main+fp/hard\libc_nano.a
END GROUP
LOAD c:/siliconlabs/simplicitystudio/v5/developer/toolchains/gnu_arm/12.2.rel1_2023.7/bin/../lib/gcc/arm-none-eabi/12.2.1/thumb/v8-m.main+fp/hard/crtend.o
LOAD c:/siliconlabs/simplicitystudio/v5/developer/toolchains/gnu_arm/12.2.rel1_2023.7/bin/../lib/gcc/arm-none-eabi/12.2.1/thumb/v8-m.main+fp/hard/crtn.o

.text           0x08000000     0xb090
                0x08000000                linker_vectors_begin = .
 *(.vectors)
 .vectors       0x08000000      0x170 ./gecko_sdk_4.4.3/platform/Device/SiliconLabs/EFR32MG24/Source/startup_efr32mg24.o
                0x08000000                __Vectors
                0x08000170                linker_vectors_end = .
                0x08000170                __Vectors_End = .
                0x08000170                __Vectors_Size = (__Vectors_End - __Vectors)
                0x08000170                linker_code_begin = .
 *(SORT_BY_ALIGNMENT(.text*))
 .text          0x08000170        0x8 ./gecko_sdk_4.4.3/platform/service/udelay/src/sl_udelay_armv6m_gcc.o
                0x08000170                sli_delay_loop
 .text.extract_Alpha_parameters
                0x08000178      0x288 ./third_party_hw_drivers_4.0.0/driver/public/silabs/ir_array_mlx90640/src/sparkfun_mlx90640.o
 .text.extract_KtaPixel_parameters
                0x08000400      0x1ec ./third_party_hw_drivers_4.0.0/driver/public/silabs/ir_array_mlx90640/src/sparkfun_mlx90640.o
 *fill*         0x080005ec        0x4 
 .text.extract_KvPixel_parameters
                0x080005f0      0x1bc ./third_party_hw_drivers_4.0.0/driver/public/silabs/ir_array_mlx90640/src/sparkfun_mlx90640.o
 *fill*         0x080007ac        0x4 
 .text.sparkfun_mlx90640_extract_parameters
                0x080007b0      0x698 ./third_party_hw_drivers_4.0.0/driver/public/silabs/ir_array_mlx90640/src/sparkfun_mlx90640.o
                0x080007b0                sparkfun_mlx90640_extract_parameters
 .text.sparkfun_mlx90640_get_vdd
                0x08000e48       0xd4 ./third_party_hw_drivers_4.0.0/driver/public/silabs/ir_array_mlx90640/src/sparkfun_mlx90640.o
                0x08000e48                sparkfun_mlx90640_get_vdd
 *fill*         0x08000f1c        0x4 
 .text.sparkfun_mlx90640_get_ta
                0x08000f20       0xfc ./third_party_hw_drivers_4.0.0/driver/public/silabs/ir_array_mlx90640/src/sparkfun_mlx90640.o
                0x08000f20                sparkfun_mlx90640_get_ta
 *fill*         0x0800101c        0x4 
 .text.sparkfun_mlx90640_calculate_to
                0x08001020      0x654 ./third_party_hw_drivers_4.0.0/driver/public/silabs/ir_array_mlx90640/src/sparkfun_mlx90640.o
                0x08001020                sparkfun_mlx90640_calculate_to
 *fill*         0x08001674        0x4 
 .text._dtoa_r  0x08001678      0xc54 c:/siliconlabs/simplicitystudio/v5/developer/toolchains/gnu_arm/12.2.rel1_2023.7/bin/../lib/gcc/arm-none-eabi/12.2.1/thumb/v8-m.main+fp/hard\libc_nano.a(libc_a-dtoa.o)
                0x08001678                _dtoa_r
 *fill*         0x080022cc        0x4 
 .text.pow      0x080022d0       0xf0 c:/siliconlabs/simplicitystudio/v5/developer/toolchains/gnu_arm/12.2.rel1_2023.7/bin/../lib/gcc/arm-none-eabi/12.2.1/thumb/v8-m.main+fp/hard\libm.a(libm_a-w_pow.o)
                0x080022d0                pow
 .text.__ieee754_pow
                0x080023c0      0xc2c c:/siliconlabs/simplicitystudio/v5/developer/toolchains/gnu_arm/12.2.rel1_2023.7/bin/../lib/gcc/arm-none-eabi/12.2.1/thumb/v8-m.main+fp/hard\libm.a(libm_a-e_pow.o)
                0x080023c0                __ieee754_pow
 *fill*         0x08002fec        0x4 
 .text.scalbn   0x08002ff0      0x110 c:/siliconlabs/simplicitystudio/v5/developer/toolchains/gnu_arm/12.2.rel1_2023.7/bin/../lib/gcc/arm-none-eabi/12.2.1/thumb/v8-m.main+fp/hard\libm.a(libm_a-s_scalbn.o)
                0x08002ff0                scalbn
 .text.__math_uflow
                0x08003100       0x10 c:/siliconlabs/simplicitystudio/v5/developer/toolchains/gnu_arm/12.2.rel1_2023.7/bin/../lib/gcc/arm-none-eabi/12.2.1/thumb/v8-m.main+fp/hard\libm.a(libm_a-math_err.o)
                0x08003100                __math_uflow
 .text.__math_oflow
                0x08003110       0x10 c:/siliconlabs/simplicitystudio/v5/developer/toolchains/gnu_arm/12.2.rel1_2023.7/bin/../lib/gcc/arm-none-eabi/12.2.1/thumb/v8-m.main+fp/hard\libm.a(libm_a-math_err.o)
                0x08003110                __math_oflow
 .text.deregister_tm_clones
                0x08003120       0x1c c:/siliconlabs/simplicitystudio/v5/developer/toolchains/gnu_arm/12.2.rel1_2023.7/bin/../lib/gcc/arm-none-eabi/12.2.1/thumb/v8-m.main+fp/hard/crtbegin.o
 .text.register_tm_clones
                0x0800313c       0x28 c:/siliconlabs/simplicitystudio/v5/developer/toolchains/gnu_arm/12.2.rel1_2023.7/bin/../lib/gcc/arm-none-eabi/12.2.1/thumb/v8-m.main+fp/hard/crtbegin.o
 .text.__do_global_dtors_aux
                0x08003164       0x28 c:/siliconlabs/simplicitystudio/v5/developer/toolchains/gnu_arm/12.2.rel1_2023.7/bin/../lib/gcc/arm-none-eabi/12.2.1/thumb/v8-m.main+fp/hard/crtbegin.o
 .text.frame_dummy
                0x0800318c       0x24 c:/siliconlabs/simplicitystudio/v5/developer/toolchains/gnu_arm/12.2.rel1_2023.7/bin/../lib/gcc/arm-none-eabi/12.2.1/thumb/v8-m.main+fp/hard/crtbegin.o
 .text          0x080031b0       0x7c c:/siliconlabs/simplicitystudio/v5/developer/toolchains/gnu_arm/12.2.rel1_2023.7/bin/../lib/gcc/arm-none-eabi/12.2.1/thumb/v8-m.main+fp/hard/crt0.o
                0x080031b0                _stack_init
                0x080031b8                _start
                0x080031b8                _mainCRTStartup
 .text.app_timer_cb
                0x0800322c        0xc ./app.o
 .text.app_init
                0x08003238      0x170 ./app.o
                0x08003238                app_init
 .text.app_process_action
                0x080033a8       0x68 ./app.o
                0x080033a8                app_process_action
 .text.sl_device_init_clocks
                0x08003410       0xac ./autogen/sl_device_init_clocks.o
                0x08003410                sl_device_init_clocks
 .text.sl_i2cspm_init_instances
                0x080034bc       0x18 ./autogen/sl_i2cspm_init.o
                0x080034bc                sl_i2cspm_init_instances
 .text.sl_iostream_usart_init_vcom
                0x080034d4       0xa8 ./autogen/sl_iostream_init_usart_instances.o
                0x080034d4                sl_iostream_usart_init_vcom
 .text.sl_iostream_usart_init_instances
                0x0800357c       0x1c ./autogen/sl_iostream_init_usart_instances.o
                0x0800357c                sl_iostream_usart_init_instances
 .text.USART0_RX_IRQHandler
                0x08003598        0xc ./autogen/sl_iostream_init_usart_instances.o
                0x08003598                USART0_RX_IRQHandler
 .text.app_log_init
                0x080035a4       0x38 ./gecko_sdk_4.4.3/app/common/util/app_log/app_log.o
                0x080035a4                app_log_init
 .text.sl_status_print
                0x080035dc       0x14 ./gecko_sdk_4.4.3/app/common/util/app_log/app_log.o
                0x080035dc                sl_status_print
 .text._app_log_status_string
                0x080035f0       0x40 ./gecko_sdk_4.4.3/app/common/util/app_log/app_log.o
                0x080035f0                _app_log_status_string
 .text.cs_high  0x08003630       0x10 ./gecko_sdk_4.4.3/hardware/driver/mx25_flash_shutdown/src/sl_mx25_flash_shutdown_usart/sl_mx25_flash_shutdown.o
 .text.cs_low   0x08003640       0x10 ./gecko_sdk_4.4.3/hardware/driver/mx25_flash_shutdown/src/sl_mx25_flash_shutdown_usart/sl_mx25_flash_shutdown.o
 .text.sl_mx25_flash_shutdown
                0x08003650      0x118 ./gecko_sdk_4.4.3/hardware/driver/mx25_flash_shutdown/src/sl_mx25_flash_shutdown_usart/sl_mx25_flash_shutdown.o
                0x08003650                sl_mx25_flash_shutdown
 .text.CopyRamFuncs
                0x08003768       0x1c ./gecko_sdk_4.4.3/platform/Device/SiliconLabs/EFR32MG24/Source/startup_efr32mg24.o
                0x08003768                CopyRamFuncs
 .text.Reset_Handler
                0x08003784       0x64 ./gecko_sdk_4.4.3/platform/Device/SiliconLabs/EFR32MG24/Source/startup_efr32mg24.o
                0x08003784                Reset_Handler
 .text.SystemInit
                0x080037e8       0x68 ./gecko_sdk_4.4.3/platform/Device/SiliconLabs/EFR32MG24/Source/system_efr32mg24.o
                0x080037e8                SystemInit
 .text.SystemHFRCODPLLClockGet
                0x08003850        0xc ./gecko_sdk_4.4.3/platform/Device/SiliconLabs/EFR32MG24/Source/system_efr32mg24.o
                0x08003850                SystemHFRCODPLLClockGet
 .text.SystemSYSCLKGet
                0x0800385c       0x34 ./gecko_sdk_4.4.3/platform/Device/SiliconLabs/EFR32MG24/Source/system_efr32mg24.o
                0x0800385c                SystemSYSCLKGet
 .text.SystemHCLKGet
                0x08003890       0x24 ./gecko_sdk_4.4.3/platform/Device/SiliconLabs/EFR32MG24/Source/system_efr32mg24.o
                0x08003890                SystemHCLKGet
 .text.SystemMaxCoreClockGet
                0x080038b4        0x8 ./gecko_sdk_4.4.3/platform/Device/SiliconLabs/EFR32MG24/Source/system_efr32mg24.o
                0x080038b4                SystemMaxCoreClockGet
 .text.SystemHFXOClockGet
                0x080038bc        0xc ./gecko_sdk_4.4.3/platform/Device/SiliconLabs/EFR32MG24/Source/system_efr32mg24.o
                0x080038bc                SystemHFXOClockGet
 .text.SystemHFXOClockSet
                0x080038c8       0x20 ./gecko_sdk_4.4.3/platform/Device/SiliconLabs/EFR32MG24/Source/system_efr32mg24.o
                0x080038c8                SystemHFXOClockSet
 .text.SystemFSRCOClockGet
                0x080038e8        0x8 ./gecko_sdk_4.4.3/platform/Device/SiliconLabs/EFR32MG24/Source/system_efr32mg24.o
                0x080038e8                SystemFSRCOClockGet
 .text.SystemHFRCOEM23ClockGet
                0x080038f0       0x84 ./gecko_sdk_4.4.3/platform/Device/SiliconLabs/EFR32MG24/Source/system_efr32mg24.o
                0x080038f0                SystemHFRCOEM23ClockGet
 .text.SystemLFXOClockGet
                0x08003974        0xc ./gecko_sdk_4.4.3/platform/Device/SiliconLabs/EFR32MG24/Source/system_efr32mg24.o
                0x08003974                SystemLFXOClockGet
 .text._sbrk    0x08003980       0x20 ./gecko_sdk_4.4.3/platform/common/toolchain/src/sl_memory.o
                0x08003980                _sbrk
 .text.sl_debug_swo_init
                0x080039a0      0x114 ./gecko_sdk_4.4.3/platform/driver/debug/src/sl_debug_swo.o
                0x080039a0                sl_debug_swo_init
 .text.sl_debug_swo_write_u8
                0x08003ab4       0x44 ./gecko_sdk_4.4.3/platform/driver/debug/src/sl_debug_swo.o
                0x08003ab4                sl_debug_swo_write_u8
 .text.I2CSPM_Init
                0x08003af8      0x158 ./gecko_sdk_4.4.3/platform/driver/i2cspm/src/sl_i2cspm.o
                0x08003af8                I2CSPM_Init
 .text.I2CSPM_Transfer
                0x08003c50       0x20 ./gecko_sdk_4.4.3/platform/driver/i2cspm/src/sl_i2cspm.o
                0x08003c50                I2CSPM_Transfer
 .text.StartTransfer
                0x08003c70      0x17c ./gecko_sdk_4.4.3/platform/emdrv/dmadrv/src/dmadrv.o
 .text.DMADRV_AllocateChannel
                0x08003dec       0x60 ./gecko_sdk_4.4.3/platform/emdrv/dmadrv/src/dmadrv.o
                0x08003dec                DMADRV_AllocateChannel
 .text.DMADRV_DeInit
                0x08003e4c       0x44 ./gecko_sdk_4.4.3/platform/emdrv/dmadrv/src/dmadrv.o
                0x08003e4c                DMADRV_DeInit
 .text.DMADRV_FreeChannel
                0x08003e90       0x4c ./gecko_sdk_4.4.3/platform/emdrv/dmadrv/src/dmadrv.o
                0x08003e90                DMADRV_FreeChannel
 .text.DMADRV_Init
                0x08003edc       0x68 ./gecko_sdk_4.4.3/platform/emdrv/dmadrv/src/dmadrv.o
                0x08003edc                DMADRV_Init
 .text.DMADRV_PauseTransfer
                0x08003f44       0x40 ./gecko_sdk_4.4.3/platform/emdrv/dmadrv/src/dmadrv.o
                0x08003f44                DMADRV_PauseTransfer
 .text.DMADRV_ResumeTransfer
                0x08003f84       0x40 ./gecko_sdk_4.4.3/platform/emdrv/dmadrv/src/dmadrv.o
                0x08003f84                DMADRV_ResumeTransfer
 .text.DMADRV_StopTransfer
                0x08003fc4       0x40 ./gecko_sdk_4.4.3/platform/emdrv/dmadrv/src/dmadrv.o
                0x08003fc4                DMADRV_StopTransfer
 .text.DMADRV_TransferCompletePending
                0x08004004       0x50 ./gecko_sdk_4.4.3/platform/emdrv/dmadrv/src/dmadrv.o
                0x08004004                DMADRV_TransferCompletePending
 .text.DMADRV_TransferDone
                0x08004054       0x44 ./gecko_sdk_4.4.3/platform/emdrv/dmadrv/src/dmadrv.o
                0x08004054                DMADRV_TransferDone
 .text.LDMA_IRQHandler
                0x08004098       0x74 ./gecko_sdk_4.4.3/platform/emdrv/dmadrv/src/dmadrv.o
                0x08004098                LDMA_IRQHandler
 .text.EMU_VScaleGet
                0x0800410c       0x18 ./gecko_sdk_4.4.3/platform/emlib/src/em_cmu.o
 .text.traceClkGet
                0x08004124       0x54 ./gecko_sdk_4.4.3/platform/emlib/src/em_cmu.o
 .text.em01GrpaClkGet
                0x08004178       0x74 ./gecko_sdk_4.4.3/platform/emlib/src/em_cmu.o
 .text.em01GrpcClkGet
                0x080041ec       0x70 ./gecko_sdk_4.4.3/platform/emlib/src/em_cmu.o
 .text.iadcClkGet
                0x0800425c       0x60 ./gecko_sdk_4.4.3/platform/emlib/src/em_cmu.o
 .text.eusart0ClkGet
                0x080042bc       0x74 ./gecko_sdk_4.4.3/platform/emlib/src/em_cmu.o
 .text.em23GrpaClkGet
                0x08004330       0x48 ./gecko_sdk_4.4.3/platform/emlib/src/em_cmu.o
 .text.vdac0ClkGet
                0x08004378       0x70 ./gecko_sdk_4.4.3/platform/emlib/src/em_cmu.o
 .text.vdac1ClkGet
                0x080043e8       0x70 ./gecko_sdk_4.4.3/platform/emlib/src/em_cmu.o
 .text.pcnt0ClkGet
                0x08004458       0x4c ./gecko_sdk_4.4.3/platform/emlib/src/em_cmu.o
 .text.wdog0ClkGet
                0x080044a4       0x64 ./gecko_sdk_4.4.3/platform/emlib/src/em_cmu.o
 .text.wdog1ClkGet
                0x08004508       0x64 ./gecko_sdk_4.4.3/platform/emlib/src/em_cmu.o
 .text.sysrtcClkGet
                0x0800456c       0x48 ./gecko_sdk_4.4.3/platform/emlib/src/em_cmu.o
 .text.em4GrpaClkGet
                0x080045b4       0x48 ./gecko_sdk_4.4.3/platform/emlib/src/em_cmu.o
 .text.CMU_ClockDivGet
                0x080045fc       0x78 ./gecko_sdk_4.4.3/platform/emlib/src/em_cmu.o
                0x080045fc                CMU_ClockDivGet
 .text.flashWaitStateControl
                0x08004674       0x58 ./gecko_sdk_4.4.3/platform/emlib/src/em_cmu.o
 .text.CMU_ClockEnable
                0x080046cc       0x50 ./gecko_sdk_4.4.3/platform/emlib/src/em_cmu.o
                0x080046cc                CMU_ClockEnable
 .text.CMU_ClockFreqGet
                0x0800471c      0x204 ./gecko_sdk_4.4.3/platform/emlib/src/em_cmu.o
                0x0800471c                CMU_ClockFreqGet
 .text.rhclkPrescOptimize
                0x08004920       0x20 ./gecko_sdk_4.4.3/platform/emlib/src/em_cmu.o
 .text.CMU_ClockSelectGet
                0x08004940      0x22c ./gecko_sdk_4.4.3/platform/emlib/src/em_cmu.o
                0x08004940                CMU_ClockSelectGet
 .text.sli_em_cmu_HFXOSetForceEnable
                0x08004b6c       0x1c ./gecko_sdk_4.4.3/platform/emlib/src/em_cmu.o
                0x08004b6c                sli_em_cmu_HFXOSetForceEnable
 .text.CMU_HFXOInit
                0x08004b88      0x224 ./gecko_sdk_4.4.3/platform/emlib/src/em_cmu.o
                0x08004b88                CMU_HFXOInit
 .text.CMU_HFXOCTuneDeltaGet
                0x08004dac        0xc ./gecko_sdk_4.4.3/platform/emlib/src/em_cmu.o
                0x08004dac                CMU_HFXOCTuneDeltaGet
 .text.CMU_LFXOInit
                0x08004db8       0xc4 ./gecko_sdk_4.4.3/platform/emlib/src/em_cmu.o
                0x08004db8                CMU_LFXOInit
 .text.CMU_LFXOPrecisionSet
                0x08004e7c        0xc ./gecko_sdk_4.4.3/platform/emlib/src/em_cmu.o
                0x08004e7c                CMU_LFXOPrecisionSet
 .text.CMU_HFXOPrecisionSet
                0x08004e88        0xc ./gecko_sdk_4.4.3/platform/emlib/src/em_cmu.o
                0x08004e88                CMU_HFXOPrecisionSet
 .text.CMU_ClockDivSet
                0x08004e94      0x12c ./gecko_sdk_4.4.3/platform/emlib/src/em_cmu.o
                0x08004e94                CMU_ClockDivSet
 .text.sli_em_cmu_SYSCLKInitPreClockSelect
                0x08004fc0       0x20 ./gecko_sdk_4.4.3/platform/emlib/src/em_cmu.o
                0x08004fc0                sli_em_cmu_SYSCLKInitPreClockSelect
 .text.pclkDivOptimize
                0x08004fe0       0x24 ./gecko_sdk_4.4.3/platform/emlib/src/em_cmu.o
 .text.EMU_DCDCSync
                0x08005004       0x10 ./gecko_sdk_4.4.3/platform/emlib/src/em_emu.o
 .text.EMU_EM4Init
                0x08005014       0x14 ./gecko_sdk_4.4.3/platform/emlib/src/em_emu.o
                0x08005014                EMU_EM4Init
 .text.EMU_VScaleEM01
                0x08005028       0xa8 ./gecko_sdk_4.4.3/platform/emlib/src/em_emu.o
                0x08005028                EMU_VScaleEM01
 .text.EMU_VScaleEM01ByClock
                0x080050d0       0x30 ./gecko_sdk_4.4.3/platform/emlib/src/em_emu.o
                0x080050d0                EMU_VScaleEM01ByClock
 .text.EMU_DCDCModeSet
                0x08005100       0xac ./gecko_sdk_4.4.3/platform/emlib/src/em_emu.o
                0x08005100                EMU_DCDCModeSet
 .text.EMU_DCDCInit
                0x080051ac       0x70 ./gecko_sdk_4.4.3/platform/emlib/src/em_emu.o
                0x080051ac                EMU_DCDCInit
 .text.EMU_DCDCSetPFMXModePeakCurrent
                0x0800521c       0x6c ./gecko_sdk_4.4.3/platform/emlib/src/em_emu.o
                0x0800521c                EMU_DCDCSetPFMXModePeakCurrent
 .text.GPIO_PinOutSet
                0x08005288       0x3c ./gecko_sdk_4.4.3/platform/emlib/src/em_gpio.o
 .text.GPIO_PinOutClear
                0x080052c4       0x3c ./gecko_sdk_4.4.3/platform/emlib/src/em_gpio.o
 .text.GPIO_PinModeSet
                0x08005300       0x94 ./gecko_sdk_4.4.3/platform/emlib/src/em_gpio.o
                0x08005300                GPIO_PinModeSet
 .text.I2C_BusFreqSet
                0x08005394      0x108 ./gecko_sdk_4.4.3/platform/emlib/src/em_i2c.o
                0x08005394                I2C_BusFreqSet
 .text.I2C_Enable
                0x0800549c       0x38 ./gecko_sdk_4.4.3/platform/emlib/src/em_i2c.o
                0x0800549c                I2C_Enable
 .text.I2C_Init
                0x080054d4       0x64 ./gecko_sdk_4.4.3/platform/emlib/src/em_i2c.o
                0x080054d4                I2C_Init
 .text.I2C_Transfer
                0x08005538      0x224 ./gecko_sdk_4.4.3/platform/emlib/src/em_i2c.o
                0x08005538                I2C_Transfer
 .text.I2C_TransferInit
                0x0800575c       0xbc ./gecko_sdk_4.4.3/platform/emlib/src/em_i2c.o
                0x0800575c                I2C_TransferInit
 .text.LDMA_DeInit
                0x08005818       0x3c ./gecko_sdk_4.4.3/platform/emlib/src/em_ldma.o
                0x08005818                LDMA_DeInit
 .text.LDMA_EnableChannelRequest
                0x08005854       0x40 ./gecko_sdk_4.4.3/platform/emlib/src/em_ldma.o
                0x08005854                LDMA_EnableChannelRequest
 .text.LDMA_Init
                0x08005894       0x94 ./gecko_sdk_4.4.3/platform/emlib/src/em_ldma.o
                0x08005894                LDMA_Init
 .text.LDMA_StartTransfer
                0x08005928      0x104 ./gecko_sdk_4.4.3/platform/emlib/src/em_ldma.o
                0x08005928                LDMA_StartTransfer
 .text.LDMA_StopTransfer
                0x08005a2c       0x38 ./gecko_sdk_4.4.3/platform/emlib/src/em_ldma.o
                0x08005a2c                LDMA_StopTransfer
 .text.LDMA_TransferDone
                0x08005a64       0x44 ./gecko_sdk_4.4.3/platform/emlib/src/em_ldma.o
                0x08005a64                LDMA_TransferDone
 .text.USART_BaudrateAsyncSet
                0x08005aa8       0xe0 ./gecko_sdk_4.4.3/platform/emlib/src/em_usart.o
                0x08005aa8                USART_BaudrateAsyncSet
 .text.USART_BaudrateSyncSet
                0x08005b88       0x48 ./gecko_sdk_4.4.3/platform/emlib/src/em_usart.o
                0x08005b88                USART_BaudrateSyncSet
 .text.USART_Enable
                0x08005bd0       0x3c ./gecko_sdk_4.4.3/platform/emlib/src/em_usart.o
                0x08005bd0                USART_Enable
 .text.USART_Reset
                0x08005c0c       0x58 ./gecko_sdk_4.4.3/platform/emlib/src/em_usart.o
                0x08005c0c                USART_Reset
 .text.USART_InitAsync
                0x08005c64       0xd4 ./gecko_sdk_4.4.3/platform/emlib/src/em_usart.o
                0x08005c64                USART_InitAsync
 .text.USART_InitSync
                0x08005d38       0xb0 ./gecko_sdk_4.4.3/platform/emlib/src/em_usart.o
                0x08005d38                USART_InitSync
 .text.sl_hal_sysrtc_wait_sync
                0x08005de8       0x14 ./gecko_sdk_4.4.3/platform/peripheral/src/peripheral_sysrtc.o
                0x08005de8                sl_hal_sysrtc_wait_sync
 .text.sl_hal_sysrtc_wait_ready
                0x08005dfc       0x1c ./gecko_sdk_4.4.3/platform/peripheral/src/peripheral_sysrtc.o
                0x08005dfc                sl_hal_sysrtc_wait_ready
 .text.sl_hal_sysrtc_stop
                0x08005e18       0x14 ./gecko_sdk_4.4.3/platform/peripheral/src/peripheral_sysrtc.o
                0x08005e18                sl_hal_sysrtc_stop
 .text.sl_hal_sysrtc_enable
                0x08005e2c       0x18 ./gecko_sdk_4.4.3/platform/peripheral/src/peripheral_sysrtc.o
                0x08005e2c                sl_hal_sysrtc_enable
 .text.sl_hal_sysrtc_disable
                0x08005e44       0x1c ./gecko_sdk_4.4.3/platform/peripheral/src/peripheral_sysrtc.o
                0x08005e44                sl_hal_sysrtc_disable
 .text.sl_hal_sysrtc_init
                0x08005e60       0x20 ./gecko_sdk_4.4.3/platform/peripheral/src/peripheral_sysrtc.o
                0x08005e60                sl_hal_sysrtc_init
 .text.sl_hal_sysrtc_init_group
                0x08005e80       0x48 ./gecko_sdk_4.4.3/platform/peripheral/src/peripheral_sysrtc.o
                0x08005e80                sl_hal_sysrtc_init_group
 .text.sl_hal_sysrtc_enable_group_interrupts
                0x08005ec8       0x1c ./gecko_sdk_4.4.3/platform/peripheral/src/peripheral_sysrtc.o
                0x08005ec8                sl_hal_sysrtc_enable_group_interrupts
 .text.sl_hal_sysrtc_disable_group_interrupts
                0x08005ee4       0x1c ./gecko_sdk_4.4.3/platform/peripheral/src/peripheral_sysrtc.o
                0x08005ee4                sl_hal_sysrtc_disable_group_interrupts
 .text.sl_hal_sysrtc_clear_group_interrupts
                0x08005f00       0x1c ./gecko_sdk_4.4.3/platform/peripheral/src/peripheral_sysrtc.o
                0x08005f00                sl_hal_sysrtc_clear_group_interrupts
 .text.sl_hal_sysrtc_get_group_interrupts
                0x08005f1c       0x20 ./gecko_sdk_4.4.3/platform/peripheral/src/peripheral_sysrtc.o
                0x08005f1c                sl_hal_sysrtc_get_group_interrupts
 .text.sl_hal_sysrtc_get_group_compare_channel_value
                0x08005f3c       0x30 ./gecko_sdk_4.4.3/platform/peripheral/src/peripheral_sysrtc.o
                0x08005f3c                sl_hal_sysrtc_get_group_compare_channel_value
 .text.sl_hal_sysrtc_set_group_compare_channel_value
                0x08005f6c       0x28 ./gecko_sdk_4.4.3/platform/peripheral/src/peripheral_sysrtc.o
                0x08005f6c                sl_hal_sysrtc_set_group_compare_channel_value
 .text.sl_device_init_dcdc
                0x08005f94       0x2c ./gecko_sdk_4.4.3/platform/service/device_init/src/sl_device_init_dcdc_s2.o
                0x08005f94                sl_device_init_dcdc
 .text.sl_device_init_emu
                0x08005fc0       0x24 ./gecko_sdk_4.4.3/platform/service/device_init/src/sl_device_init_emu_s2.o
                0x08005fc0                sl_device_init_emu
 .text.sl_device_init_hfxo
                0x08005fe4       0x70 ./gecko_sdk_4.4.3/platform/service/device_init/src/sl_device_init_hfxo_s2.o
                0x08005fe4                sl_device_init_hfxo
 .text.sl_device_init_lfxo
                0x08006054       0x2c ./gecko_sdk_4.4.3/platform/service/device_init/src/sl_device_init_lfxo_s2.o
                0x08006054                sl_device_init_lfxo
 .text.sl_device_init_nvic
                0x08006080       0x3c ./gecko_sdk_4.4.3/platform/service/device_init/src/sl_device_init_nvic.o
                0x08006080                sl_device_init_nvic
 .text.sl_iostream_set_default
                0x080060bc       0x18 ./gecko_sdk_4.4.3/platform/service/iostream/src/sl_iostream.o
                0x080060bc                sl_iostream_set_default
 .text.sl_iostream_get_default
                0x080060d4       0x18 ./gecko_sdk_4.4.3/platform/service/iostream/src/sl_iostream.o
                0x080060d4                sl_iostream_get_default
 .text._write   0x080060ec       0x20 ./gecko_sdk_4.4.3/platform/service/iostream/src/sl_iostream_retarget_stdio.o
                0x080060ec                _write
 .text.sl_iostream_stdlib_disable_buffering
                0x0800610c       0x14 ./gecko_sdk_4.4.3/platform/service/iostream/src/sl_iostream_stdlib_config.o
                0x0800610c                sl_iostream_stdlib_disable_buffering
 .text.get_write_ptr
                0x08006120       0x40 ./gecko_sdk_4.4.3/platform/service/iostream/src/sl_iostream_uart.o
 .text.dma_irq_handler
                0x08006160       0x74 ./gecko_sdk_4.4.3/platform/service/iostream/src/sl_iostream_uart.o
 .text.uart_read
                0x080061d4      0x1f4 ./gecko_sdk_4.4.3/platform/service/iostream/src/sl_iostream_uart.o
 .text.uart_deinit
                0x080063c8       0x98 ./gecko_sdk_4.4.3/platform/service/iostream/src/sl_iostream_uart.o
 .text.uart_write
                0x08006460       0xc0 ./gecko_sdk_4.4.3/platform/service/iostream/src/sl_iostream_uart.o
 .text.sli_iostream_uart_context_init
                0x08006520       0xf8 ./gecko_sdk_4.4.3/platform/service/iostream/src/sl_iostream_uart.o
                0x08006520                sli_iostream_uart_context_init
 .text.sl_iostream_usart_init
                0x08006618      0x17c ./gecko_sdk_4.4.3/platform/service/iostream/src/sl_iostream_usart.o
                0x08006618                sl_iostream_usart_init
 .text.delta_list_insert_timer
                0x08006794       0x40 ./gecko_sdk_4.4.3/platform/service/sleeptimer/src/sl_sleeptimer.o
 .text.update_delta_list
                0x080067d4       0x34 ./gecko_sdk_4.4.3/platform/service/sleeptimer/src/sl_sleeptimer.o
 .text.set_comparator_for_next_timer
                0x08006808       0x5c ./gecko_sdk_4.4.3/platform/service/sleeptimer/src/sl_sleeptimer.o
 .text.create_timer
                0x08006864       0x88 ./gecko_sdk_4.4.3/platform/service/sleeptimer/src/sl_sleeptimer.o
 .text.delta_list_remove_timer
                0x080068ec       0x38 ./gecko_sdk_4.4.3/platform/service/sleeptimer/src/sl_sleeptimer.o
 .text.sl_sleeptimer_init
                0x08006924       0x74 ./gecko_sdk_4.4.3/platform/service/sleeptimer/src/sl_sleeptimer.o
                0x08006924                sl_sleeptimer_init
 .text.sl_sleeptimer_is_timer_running
                0x08006998       0x3c ./gecko_sdk_4.4.3/platform/service/sleeptimer/src/sl_sleeptimer.o
                0x08006998                sl_sleeptimer_is_timer_running
 .text.sl_sleeptimer_ms32_to_tick
                0x080069d4       0x3c ./gecko_sdk_4.4.3/platform/service/sleeptimer/src/sl_sleeptimer.o
                0x080069d4                sl_sleeptimer_ms32_to_tick
 .text.sl_sleeptimer_start_periodic_timer_ms
                0x08006a10       0x78 ./gecko_sdk_4.4.3/platform/service/sleeptimer/src/sl_sleeptimer.o
                0x08006a10                sl_sleeptimer_start_periodic_timer_ms
 .text.process_timer_irq
                0x08006a88      0x150 ./gecko_sdk_4.4.3/platform/service/sleeptimer/src/sl_sleeptimer.o
                0x08006a88                process_timer_irq
 .text.sleeptimer_hal_init_timer
                0x08006bd8       0x64 ./gecko_sdk_4.4.3/platform/service/sleeptimer/src/sl_sleeptimer_hal_sysrtc.o
                0x08006bd8                sleeptimer_hal_init_timer
 .text.sleeptimer_hal_get_counter
                0x08006c3c       0x10 ./gecko_sdk_4.4.3/platform/service/sleeptimer/src/sl_sleeptimer_hal_sysrtc.o
                0x08006c3c                sleeptimer_hal_get_counter
 .text.sleeptimer_hal_set_compare
                0x08006c4c       0x70 ./gecko_sdk_4.4.3/platform/service/sleeptimer/src/sl_sleeptimer_hal_sysrtc.o
                0x08006c4c                sleeptimer_hal_set_compare
 .text.sleeptimer_hal_disable_int
                0x08006cbc       0x2c ./gecko_sdk_4.4.3/platform/service/sleeptimer/src/sl_sleeptimer_hal_sysrtc.o
                0x08006cbc                sleeptimer_hal_disable_int
 .text.sleeptimer_hal_set_int
                0x08006ce8       0x10 ./gecko_sdk_4.4.3/platform/service/sleeptimer/src/sl_sleeptimer_hal_sysrtc.o
                0x08006ce8                sleeptimer_hal_set_int
 .text.sl_udelay_wait
                0x08006cf8       0x58 ./gecko_sdk_4.4.3/platform/service/udelay/src/sl_udelay.o
                0x08006cf8                sl_udelay_wait
 .text.i2c_master_config_speed
                0x08006d50       0x34 ./third_party_hw_drivers_4.0.0/driver/peripheral_drivers/mikroe/src/drv_i2c_master.o
 .text.i2c_master_open
                0x08006d84       0x2c ./third_party_hw_drivers_4.0.0/driver/peripheral_drivers/mikroe/src/drv_i2c_master.o
                0x08006d84                i2c_master_open
 .text.i2c_master_set_speed
                0x08006db0       0x1c ./third_party_hw_drivers_4.0.0/driver/peripheral_drivers/mikroe/src/drv_i2c_master.o
                0x08006db0                i2c_master_set_speed
 .text.i2c_master_set_timeout
                0x08006dcc       0x14 ./third_party_hw_drivers_4.0.0/driver/peripheral_drivers/mikroe/src/drv_i2c_master.o
                0x08006dcc                i2c_master_set_timeout
 .text.i2c_master_write
                0x08006de0       0x54 ./third_party_hw_drivers_4.0.0/driver/peripheral_drivers/mikroe/src/drv_i2c_master.o
                0x08006de0                i2c_master_write
 .text.i2c_master_write_then_read
                0x08006e34       0x5c ./third_party_hw_drivers_4.0.0/driver/peripheral_drivers/mikroe/src/drv_i2c_master.o
                0x08006e34                i2c_master_write_then_read
 .text.sparkfun_mlx90640_i2c_read
                0x08006e90       0x5c ./third_party_hw_drivers_4.0.0/driver/public/silabs/ir_array_mlx90640/src/sparkfun_mlx90640.o
 .text.sparkfun_mlx90640_i2c_write
                0x08006eec       0x4c ./third_party_hw_drivers_4.0.0/driver/public/silabs/ir_array_mlx90640/src/sparkfun_mlx90640.o
 .text.sparkfun_mlx90640_init
                0x08006f38       0x5c ./third_party_hw_drivers_4.0.0/driver/public/silabs/ir_array_mlx90640/src/sparkfun_mlx90640.o
                0x08006f38                sparkfun_mlx90640_init
 .text.sparkfun_mlx90640_get_image_array
                0x08006f94       0x74 ./third_party_hw_drivers_4.0.0/driver/public/silabs/ir_array_mlx90640/src/sparkfun_mlx90640.o
                0x08006f94                sparkfun_mlx90640_get_image_array
 .text          0x08007008      0x378 c:/siliconlabs/simplicitystudio/v5/developer/toolchains/gnu_arm/12.2.rel1_2023.7/bin/../lib/gcc/arm-none-eabi/12.2.1/thumb/v8-m.main+fp/hard\libgcc.a(_arm_addsubdf3.o)
                0x08007008                __aeabi_drsub
                0x08007010                __aeabi_dsub
                0x08007010                __subdf3
                0x08007014                __aeabi_dadd
                0x08007014                __adddf3
                0x0800728c                __floatunsidf
                0x0800728c                __aeabi_ui2d
                0x080072ac                __floatsidf
                0x080072ac                __aeabi_i2d
                0x080072d0                __aeabi_f2d
                0x080072d0                __extendsfdf2
                0x08007314                __floatundidf
                0x08007314                __aeabi_ul2d
                0x08007324                __floatdidf
                0x08007324                __aeabi_l2d
 .text          0x08007380      0x424 c:/siliconlabs/simplicitystudio/v5/developer/toolchains/gnu_arm/12.2.rel1_2023.7/bin/../lib/gcc/arm-none-eabi/12.2.1/thumb/v8-m.main+fp/hard\libgcc.a(_arm_muldivdf3.o)
                0x08007380                __aeabi_dmul
                0x08007380                __muldf3
                0x080075d4                __divdf3
                0x080075d4                __aeabi_ddiv
 .text          0x080077a4      0x110 c:/siliconlabs/simplicitystudio/v5/developer/toolchains/gnu_arm/12.2.rel1_2023.7/bin/../lib/gcc/arm-none-eabi/12.2.1/thumb/v8-m.main+fp/hard\libgcc.a(_arm_cmpdf2.o)
                0x080077a4                __gtdf2
                0x080077a4                __gedf2
                0x080077ac                __ltdf2
                0x080077ac                __ledf2
                0x080077b4                __nedf2
                0x080077b4                __eqdf2
                0x080077b4                __cmpdf2
                0x08007830                __aeabi_cdrcmple
                0x08007840                __aeabi_cdcmpeq
                0x08007840                __aeabi_cdcmple
                0x08007850                __aeabi_dcmpeq
                0x08007864                __aeabi_dcmplt
                0x08007878                __aeabi_dcmple
                0x0800788c                __aeabi_dcmpge
                0x080078a0                __aeabi_dcmpgt
 .text          0x080078b4       0x50 c:/siliconlabs/simplicitystudio/v5/developer/toolchains/gnu_arm/12.2.rel1_2023.7/bin/../lib/gcc/arm-none-eabi/12.2.1/thumb/v8-m.main+fp/hard\libgcc.a(_arm_fixdfsi.o)
                0x080078b4                __aeabi_d2iz
                0x080078b4                __fixdfsi
 .text          0x08007904       0x40 c:/siliconlabs/simplicitystudio/v5/developer/toolchains/gnu_arm/12.2.rel1_2023.7/bin/../lib/gcc/arm-none-eabi/12.2.1/thumb/v8-m.main+fp/hard\libgcc.a(_arm_fixunsdfsi.o)
                0x08007904                __aeabi_d2uiz
                0x08007904                __fixunsdfsi
 .text          0x08007944       0xa0 c:/siliconlabs/simplicitystudio/v5/developer/toolchains/gnu_arm/12.2.rel1_2023.7/bin/../lib/gcc/arm-none-eabi/12.2.1/thumb/v8-m.main+fp/hard\libgcc.a(_arm_truncdfsf2.o)
                0x08007944                __truncdfsf2
                0x08007944                __aeabi_d2f
 .text          0x080079e4       0x30 c:/siliconlabs/simplicitystudio/v5/developer/toolchains/gnu_arm/12.2.rel1_2023.7/bin/../lib/gcc/arm-none-eabi/12.2.1/thumb/v8-m.main+fp/hard\libgcc.a(_aeabi_uldivmod.o)
                0x080079e4                __aeabi_uldivmod
 .text.__udivmoddi4
                0x08007a14      0x2ec c:/siliconlabs/simplicitystudio/v5/developer/toolchains/gnu_arm/12.2.rel1_2023.7/bin/../lib/gcc/arm-none-eabi/12.2.1/thumb/v8-m.main+fp/hard\libgcc.a(_udivmoddi4.o)
                0x08007a14                __udivmoddi4
 .text          0x08007d00        0x4 c:/siliconlabs/simplicitystudio/v5/developer/toolchains/gnu_arm/12.2.rel1_2023.7/bin/../lib/gcc/arm-none-eabi/12.2.1/thumb/v8-m.main+fp/hard\libgcc.a(_dvmd_tls.o)
                0x08007d00                __aeabi_idiv0
                0x08007d00                __aeabi_ldiv0
 .text.exit     0x08007d04       0x24 c:/siliconlabs/simplicitystudio/v5/developer/toolchains/gnu_arm/12.2.rel1_2023.7/bin/../lib/gcc/arm-none-eabi/12.2.1/thumb/v8-m.main+fp/hard\libc_nano.a(libc_a-exit.o)
                0x08007d04                exit
 .text._printf_float
                0x08007d28      0x468 c:/siliconlabs/simplicitystudio/v5/developer/toolchains/gnu_arm/12.2.rel1_2023.7/bin/../lib/gcc/arm-none-eabi/12.2.1/thumb/v8-m.main+fp/hard\libc_nano.a(libc_a-nano-vfprintf_float.o)
                0x08007d28                _printf_float
 .text._printf_i
                0x08008190      0x258 c:/siliconlabs/simplicitystudio/v5/developer/toolchains/gnu_arm/12.2.rel1_2023.7/bin/../lib/gcc/arm-none-eabi/12.2.1/thumb/v8-m.main+fp/hard\libc_nano.a(libc_a-nano-vfprintf_i.o)
                0x08008190                _printf_i
 .text.std      0x080083e8       0x6c c:/siliconlabs/simplicitystudio/v5/developer/toolchains/gnu_arm/12.2.rel1_2023.7/bin/../lib/gcc/arm-none-eabi/12.2.1/thumb/v8-m.main+fp/hard\libc_nano.a(libc_a-findfp.o)
 .text.stdio_exit_handler
                0x08008454       0x18 c:/siliconlabs/simplicitystudio/v5/developer/toolchains/gnu_arm/12.2.rel1_2023.7/bin/../lib/gcc/arm-none-eabi/12.2.1/thumb/v8-m.main+fp/hard\libc_nano.a(libc_a-findfp.o)
 .text.cleanup_stdio
                0x0800846c       0x40 c:/siliconlabs/simplicitystudio/v5/developer/toolchains/gnu_arm/12.2.rel1_2023.7/bin/../lib/gcc/arm-none-eabi/12.2.1/thumb/v8-m.main+fp/hard\libc_nano.a(libc_a-findfp.o)
 .text.global_stdio_init.part.0
                0x080084ac       0x3c c:/siliconlabs/simplicitystudio/v5/developer/toolchains/gnu_arm/12.2.rel1_2023.7/bin/../lib/gcc/arm-none-eabi/12.2.1/thumb/v8-m.main+fp/hard\libc_nano.a(libc_a-findfp.o)
 .text.__sfp_lock_acquire
                0x080084e8        0xc c:/siliconlabs/simplicitystudio/v5/developer/toolchains/gnu_arm/12.2.rel1_2023.7/bin/../lib/gcc/arm-none-eabi/12.2.1/thumb/v8-m.main+fp/hard\libc_nano.a(libc_a-findfp.o)
                0x080084e8                __sfp_lock_acquire
 .text.__sfp_lock_release
                0x080084f4        0xc c:/siliconlabs/simplicitystudio/v5/developer/toolchains/gnu_arm/12.2.rel1_2023.7/bin/../lib/gcc/arm-none-eabi/12.2.1/thumb/v8-m.main+fp/hard\libc_nano.a(libc_a-findfp.o)
                0x080084f4                __sfp_lock_release
 .text.__sinit  0x08008500       0x30 c:/siliconlabs/simplicitystudio/v5/developer/toolchains/gnu_arm/12.2.rel1_2023.7/bin/../lib/gcc/arm-none-eabi/12.2.1/thumb/v8-m.main+fp/hard\libc_nano.a(libc_a-findfp.o)
                0x08008500                __sinit
 .text.setvbuf  0x08008530      0x168 c:/siliconlabs/simplicitystudio/v5/developer/toolchains/gnu_arm/12.2.rel1_2023.7/bin/../lib/gcc/arm-none-eabi/12.2.1/thumb/v8-m.main+fp/hard\libc_nano.a(libc_a-setvbuf.o)
                0x08008530                setvbuf
 .text.vprintf  0x08008698       0x14 c:/siliconlabs/simplicitystudio/v5/developer/toolchains/gnu_arm/12.2.rel1_2023.7/bin/../lib/gcc/arm-none-eabi/12.2.1/thumb/v8-m.main+fp/hard\libc_nano.a(libc_a-vprintf.o)
                0x08008698                viprintf
                0x08008698                vprintf
 .text._localeconv_r
                0x080086ac        0x8 c:/siliconlabs/simplicitystudio/v5/developer/toolchains/gnu_arm/12.2.rel1_2023.7/bin/../lib/gcc/arm-none-eabi/12.2.1/thumb/v8-m.main+fp/hard\libc_nano.a(libc_a-localeconv.o)
                0x080086ac                _localeconv_r
 .text._close_r
                0x080086b4       0x20 c:/siliconlabs/simplicitystudio/v5/developer/toolchains/gnu_arm/12.2.rel1_2023.7/bin/../lib/gcc/arm-none-eabi/12.2.1/thumb/v8-m.main+fp/hard\libc_nano.a(libc_a-closer.o)
                0x080086b4                _close_r
 .text._lseek_r
                0x080086d4       0x24 c:/siliconlabs/simplicitystudio/v5/developer/toolchains/gnu_arm/12.2.rel1_2023.7/bin/../lib/gcc/arm-none-eabi/12.2.1/thumb/v8-m.main+fp/hard\libc_nano.a(libc_a-lseekr.o)
                0x080086d4                _lseek_r
 .text._read_r  0x080086f8       0x24 c:/siliconlabs/simplicitystudio/v5/developer/toolchains/gnu_arm/12.2.rel1_2023.7/bin/../lib/gcc/arm-none-eabi/12.2.1/thumb/v8-m.main+fp/hard\libc_nano.a(libc_a-readr.o)
                0x080086f8                _read_r
 .text._write_r
                0x0800871c       0x24 c:/siliconlabs/simplicitystudio/v5/developer/toolchains/gnu_arm/12.2.rel1_2023.7/bin/../lib/gcc/arm-none-eabi/12.2.1/thumb/v8-m.main+fp/hard\libc_nano.a(libc_a-writer.o)
                0x0800871c                _write_r
 .text.__libc_init_array
                0x08008740       0x48 c:/siliconlabs/simplicitystudio/v5/developer/toolchains/gnu_arm/12.2.rel1_2023.7/bin/../lib/gcc/arm-none-eabi/12.2.1/thumb/v8-m.main+fp/hard\libc_nano.a(libc_a-init.o)
                0x08008740                __libc_init_array
 .text._free_r  0x08008788       0x94 c:/siliconlabs/simplicitystudio/v5/developer/toolchains/gnu_arm/12.2.rel1_2023.7/bin/../lib/gcc/arm-none-eabi/12.2.1/thumb/v8-m.main+fp/hard\libc_nano.a(libc_a-freer.o)
                0x08008788                _free_r
 .text.malloc   0x0800881c       0x10 c:/siliconlabs/simplicitystudio/v5/developer/toolchains/gnu_arm/12.2.rel1_2023.7/bin/../lib/gcc/arm-none-eabi/12.2.1/thumb/v8-m.main+fp/hard\libc_nano.a(libc_a-malloc.o)
                0x0800881c                malloc
 .text.sbrk_aligned
                0x0800882c       0x44 c:/siliconlabs/simplicitystudio/v5/developer/toolchains/gnu_arm/12.2.rel1_2023.7/bin/../lib/gcc/arm-none-eabi/12.2.1/thumb/v8-m.main+fp/hard\libc_nano.a(libc_a-mallocr.o)
 .text._malloc_r
                0x08008870       0xf0 c:/siliconlabs/simplicitystudio/v5/developer/toolchains/gnu_arm/12.2.rel1_2023.7/bin/../lib/gcc/arm-none-eabi/12.2.1/thumb/v8-m.main+fp/hard\libc_nano.a(libc_a-mallocr.o)
                0x08008870                _malloc_r
 .text.__malloc_lock
                0x08008960        0xc c:/siliconlabs/simplicitystudio/v5/developer/toolchains/gnu_arm/12.2.rel1_2023.7/bin/../lib/gcc/arm-none-eabi/12.2.1/thumb/v8-m.main+fp/hard\libc_nano.a(libc_a-mlock.o)
                0x08008960                __malloc_lock
 .text.__malloc_unlock
                0x0800896c        0xc c:/siliconlabs/simplicitystudio/v5/developer/toolchains/gnu_arm/12.2.rel1_2023.7/bin/../lib/gcc/arm-none-eabi/12.2.1/thumb/v8-m.main+fp/hard\libc_nano.a(libc_a-mlock.o)
                0x0800896c                __malloc_unlock
 .text._Balloc  0x08008978       0x80 c:/siliconlabs/simplicitystudio/v5/developer/toolchains/gnu_arm/12.2.rel1_2023.7/bin/../lib/gcc/arm-none-eabi/12.2.1/thumb/v8-m.main+fp/hard\libc_nano.a(libc_a-mprec.o)
                0x08008978                _Balloc
 .text._Bfree   0x080089f8       0x44 c:/siliconlabs/simplicitystudio/v5/developer/toolchains/gnu_arm/12.2.rel1_2023.7/bin/../lib/gcc/arm-none-eabi/12.2.1/thumb/v8-m.main+fp/hard\libc_nano.a(libc_a-mprec.o)
                0x080089f8                _Bfree
 .text.__multadd
                0x08008a3c       0x90 c:/siliconlabs/simplicitystudio/v5/developer/toolchains/gnu_arm/12.2.rel1_2023.7/bin/../lib/gcc/arm-none-eabi/12.2.1/thumb/v8-m.main+fp/hard\libc_nano.a(libc_a-mprec.o)
                0x08008a3c                __multadd
 .text.__i2b    0x08008acc       0x2c c:/siliconlabs/simplicitystudio/v5/developer/toolchains/gnu_arm/12.2.rel1_2023.7/bin/../lib/gcc/arm-none-eabi/12.2.1/thumb/v8-m.main+fp/hard\libc_nano.a(libc_a-mprec.o)
                0x08008acc                __i2b
 .text.__multiply
                0x08008af8      0x154 c:/siliconlabs/simplicitystudio/v5/developer/toolchains/gnu_arm/12.2.rel1_2023.7/bin/../lib/gcc/arm-none-eabi/12.2.1/thumb/v8-m.main+fp/hard\libc_nano.a(libc_a-mprec.o)
                0x08008af8                __multiply
 .text.__pow5mult
                0x08008c4c       0xb4 c:/siliconlabs/simplicitystudio/v5/developer/toolchains/gnu_arm/12.2.rel1_2023.7/bin/../lib/gcc/arm-none-eabi/12.2.1/thumb/v8-m.main+fp/hard\libc_nano.a(libc_a-mprec.o)
                0x08008c4c                __pow5mult
 .text.__lshift
                0x08008d00       0xd8 c:/siliconlabs/simplicitystudio/v5/developer/toolchains/gnu_arm/12.2.rel1_2023.7/bin/../lib/gcc/arm-none-eabi/12.2.1/thumb/v8-m.main+fp/hard\libc_nano.a(libc_a-mprec.o)
                0x08008d00                __lshift
 .text.__mdiff  0x08008dd8      0x130 c:/siliconlabs/simplicitystudio/v5/developer/toolchains/gnu_arm/12.2.rel1_2023.7/bin/../lib/gcc/arm-none-eabi/12.2.1/thumb/v8-m.main+fp/hard\libc_nano.a(libc_a-mprec.o)
                0x08008dd8                __mdiff
 .text.__d2b    0x08008f08       0xb0 c:/siliconlabs/simplicitystudio/v5/developer/toolchains/gnu_arm/12.2.rel1_2023.7/bin/../lib/gcc/arm-none-eabi/12.2.1/thumb/v8-m.main+fp/hard\libc_nano.a(libc_a-mprec.o)
                0x08008f08                __d2b
 .text._vfprintf_r
                0x08008fb8      0x230 c:/siliconlabs/simplicitystudio/v5/developer/toolchains/gnu_arm/12.2.rel1_2023.7/bin/../lib/gcc/arm-none-eabi/12.2.1/thumb/v8-m.main+fp/hard\libc_nano.a(libc_a-nano-vfprintf.o)
                0x08008fb8                _vfprintf_r
                0x08008fb8                _vfiprintf_r
 .text.__swsetup_r
                0x080091e8       0xac c:/siliconlabs/simplicitystudio/v5/developer/toolchains/gnu_arm/12.2.rel1_2023.7/bin/../lib/gcc/arm-none-eabi/12.2.1/thumb/v8-m.main+fp/hard\libc_nano.a(libc_a-wsetup.o)
                0x080091e8                __swsetup_r
 .text._fstat_r
                0x08009294       0x24 c:/siliconlabs/simplicitystudio/v5/developer/toolchains/gnu_arm/12.2.rel1_2023.7/bin/../lib/gcc/arm-none-eabi/12.2.1/thumb/v8-m.main+fp/hard\libc_nano.a(libc_a-fstatr.o)
                0x08009294                _fstat_r
 .text._isatty_r
                0x080092b8       0x20 c:/siliconlabs/simplicitystudio/v5/developer/toolchains/gnu_arm/12.2.rel1_2023.7/bin/../lib/gcc/arm-none-eabi/12.2.1/thumb/v8-m.main+fp/hard\libc_nano.a(libc_a-isattyr.o)
                0x080092b8                _isatty_r
 .text._sbrk_r  0x080092d8       0x20 c:/siliconlabs/simplicitystudio/v5/developer/toolchains/gnu_arm/12.2.rel1_2023.7/bin/../lib/gcc/arm-none-eabi/12.2.1/thumb/v8-m.main+fp/hard\libc_nano.a(libc_a-sbrkr.o)
                0x080092d8                _sbrk_r
 .text.__assert_func
                0x080092f8       0x3c c:/siliconlabs/simplicitystudio/v5/developer/toolchains/gnu_arm/12.2.rel1_2023.7/bin/../lib/gcc/arm-none-eabi/12.2.1/thumb/v8-m.main+fp/hard\libc_nano.a(libc_a-assert.o)
                0x080092f8                __assert_func
 .text.fprintf  0x08009334       0x24 c:/siliconlabs/simplicitystudio/v5/developer/toolchains/gnu_arm/12.2.rel1_2023.7/bin/../lib/gcc/arm-none-eabi/12.2.1/thumb/v8-m.main+fp/hard\libc_nano.a(libc_a-fprintf.o)
                0x08009334                fiprintf
                0x08009334                fprintf
 .text.raise    0x08009358       0x10 c:/siliconlabs/simplicitystudio/v5/developer/toolchains/gnu_arm/12.2.rel1_2023.7/bin/../lib/gcc/arm-none-eabi/12.2.1/thumb/v8-m.main+fp/hard\libc_nano.a(libc_a-signal.o)
                0x08009358                raise
 .text._kill_r  0x08009368       0x24 c:/siliconlabs/simplicitystudio/v5/developer/toolchains/gnu_arm/12.2.rel1_2023.7/bin/../lib/gcc/arm-none-eabi/12.2.1/thumb/v8-m.main+fp/hard\libc_nano.a(libc_a-signalr.o)
                0x08009368                _kill_r
 .text.sqrt     0x0800938c       0x68 c:/siliconlabs/simplicitystudio/v5/developer/toolchains/gnu_arm/12.2.rel1_2023.7/bin/../lib/gcc/arm-none-eabi/12.2.1/thumb/v8-m.main+fp/hard\libm.a(libm_a-w_sqrt.o)
                0x0800938c                sqrt
 .text.finite   0x080093f4       0x1c c:/siliconlabs/simplicitystudio/v5/developer/toolchains/gnu_arm/12.2.rel1_2023.7/bin/../lib/gcc/arm-none-eabi/12.2.1/thumb/v8-m.main+fp/hard\libm.a(libm_a-s_finite.o)
                0x080093f4                finite
 .text.__ieee754_sqrt
                0x08009410      0x1f4 c:/siliconlabs/simplicitystudio/v5/developer/toolchains/gnu_arm/12.2.rel1_2023.7/bin/../lib/gcc/arm-none-eabi/12.2.1/thumb/v8-m.main+fp/hard\libm.a(libm_a-e_sqrt.o)
                0x08009410                __ieee754_sqrt
 .text.fabs     0x08009604       0x10 c:/siliconlabs/simplicitystudio/v5/developer/toolchains/gnu_arm/12.2.rel1_2023.7/bin/../lib/gcc/arm-none-eabi/12.2.1/thumb/v8-m.main+fp/hard\libm.a(libm_a-s_fabs.o)
                0x08009604                fabs
 .text.with_errno
                0x08009614       0x24 c:/siliconlabs/simplicitystudio/v5/developer/toolchains/gnu_arm/12.2.rel1_2023.7/bin/../lib/gcc/arm-none-eabi/12.2.1/thumb/v8-m.main+fp/hard\libm.a(libm_a-math_err.o)
 .text.xflow    0x08009638       0x38 c:/siliconlabs/simplicitystudio/v5/developer/toolchains/gnu_arm/12.2.rel1_2023.7/bin/../lib/gcc/arm-none-eabi/12.2.1/thumb/v8-m.main+fp/hard\libm.a(libm_a-math_err.o)
 .text          0x08009670       0x2c c:/siliconlabs/simplicitystudio/v5/developer/toolchains/gnu_arm/12.2.rel1_2023.7/bin/../lib/gcc/arm-none-eabi/12.2.1/thumb/v8-m.main+fp/hard\libgcc.a(_arm_unorddf2.o)
                0x08009670                __unorddf2
                0x08009670                __aeabi_dcmpun
 .text.__errno  0x0800969c        0xc c:/siliconlabs/simplicitystudio/v5/developer/toolchains/gnu_arm/12.2.rel1_2023.7/bin/../lib/gcc/arm-none-eabi/12.2.1/thumb/v8-m.main+fp/hard\libc_nano.a(libc_a-errno.o)
                0x0800969c                __errno
 .text.startup.main
                0x080096a8       0x14 ./main.o
                0x080096a8                main
 .text.sl_board_default_init
                0x080096bc        0x2 ./autogen/sl_board_default_init.o
                0x080096bc                sl_board_default_init
 .text.sl_platform_init
                0x080096be       0x26 ./autogen/sl_event_handler.o
                0x080096be                sl_platform_init
 .text.sl_driver_init
                0x080096e4       0x12 ./autogen/sl_event_handler.o
                0x080096e4                sl_driver_init
 .text.sl_service_init
                0x080096f6       0x16 ./autogen/sl_event_handler.o
                0x080096f6                sl_service_init
 .text.sl_stack_init
                0x0800970c        0x2 ./autogen/sl_event_handler.o
                0x0800970c                sl_stack_init
 .text.sl_internal_app_init
                0x0800970e        0x4 ./autogen/sl_event_handler.o
                0x0800970e                sl_internal_app_init
 .text.sl_platform_process_action
                0x08009712        0x2 ./autogen/sl_event_handler.o
                0x08009712                sl_platform_process_action
 .text.sl_service_process_action
                0x08009714        0x2 ./autogen/sl_event_handler.o
                0x08009714                sl_service_process_action
 .text.sl_stack_process_action
                0x08009716        0x2 ./autogen/sl_event_handler.o
                0x08009716                sl_stack_process_action
 .text.sl_internal_app_process_action
                0x08009718        0x2 ./autogen/sl_event_handler.o
                0x08009718                sl_internal_app_process_action
 .text.USART0_TX_IRQHandler
                0x0800971a        0x4 ./autogen/sl_iostream_init_usart_instances.o
                0x0800971a                USART0_TX_IRQHandler
 .text._app_log_time
                0x0800971e        0x2 ./gecko_sdk_4.4.3/app/common/util/app_log/app_log.o
                0x0800971e                _app_log_time
 .text._app_log_counter
                0x08009720        0x2 ./gecko_sdk_4.4.3/app/common/util/app_log/app_log.o
                0x08009720                _app_log_counter
 .text.sl_board_configure_vcom
                0x08009722        0x4 ./gecko_sdk_4.4.3/hardware/board/src/sl_board_control_gpio.o
                0x08009722                sl_board_configure_vcom
 .text.sl_board_init
                0x08009726       0x16 ./gecko_sdk_4.4.3/hardware/board/src/sl_board_init.o
                0x08009726                sl_board_init
 .text.sl_board_preinit
                0x0800973c        0x8 ./gecko_sdk_4.4.3/hardware/board/src/sl_board_init.o
                0x0800973c                sl_board_preinit
 .text.sli_cos_swo_itm_8_write.constprop.0.isra.0
                0x08009744       0x78 ./gecko_sdk_4.4.3/hardware/driver/configuration_over_swo/src/sl_cos.o
 .text.sl_cos_send_config
                0x080097bc       0x12 ./gecko_sdk_4.4.3/hardware/driver/configuration_over_swo/src/sl_cos.o
                0x080097bc                sl_cos_send_config
 .text.sl_cos_config_vcom
                0x080097ce       0x1e ./gecko_sdk_4.4.3/hardware/driver/configuration_over_swo/src/sl_cos.o
                0x080097ce                sl_cos_config_vcom
 .text.Default_Handler
                0x080097ec        0x2 ./gecko_sdk_4.4.3/platform/Device/SiliconLabs/EFR32MG24/Source/startup_efr32mg24.o
                0x080097ec                ULFRCO_IRQHandler
                0x080097ec                AHB2AHB1_IRQHandler
                0x080097ec                SW2_IRQHandler
                0x080097ec                TIMER2_IRQHandler
                0x080097ec                DebugMon_Handler
                0x080097ec                IADC_IRQHandler
                0x080097ec                EUSART0_TX_IRQHandler
                0x080097ec                I2C0_IRQHandler
                0x080097ec                LFXO_IRQHandler
                0x080097ec                HardFault_Handler
                0x080097ec                SMU_SECURE_IRQHandler
                0x080097ec                SysTick_Handler
                0x080097ec                SYSRTC_SEQ_IRQHandler
                0x080097ec                EMUEFP_IRQHandler
                0x080097ec                PendSV_Handler
                0x080097ec                NMI_Handler
                0x080097ec                SYNTH_IRQHandler
                0x080097ec                HOSTMAILBOX_IRQHandler
                0x080097ec                HFXO0_IRQHandler
                0x080097ec                I2C1_IRQHandler
                0x080097ec                WDOG0_IRQHandler
                0x080097ec                TIMER3_IRQHandler
                0x080097ec                SYSCFG_IRQHandler
                0x080097ec                RFECA1_IRQHandler
                0x080097ec                EMUDG_IRQHandler
                0x080097ec                MSC_IRQHandler
                0x080097ec                DPLL0_IRQHandler
                0x080097ec                UsageFault_Handler
                0x080097ec                WDOG1_IRQHandler
                0x080097ec                M33CTI1_IRQHandler
                0x080097ec                TIMER4_IRQHandler
                0x080097ec                GPIO_EVEN_IRQHandler
                0x080097ec                VDAC0_IRQHandler
                0x080097ec                SEMBTX_IRQHandler
                0x080097ec                SW0_IRQHandler
                0x080097ec                TIMER0_IRQHandler
                0x080097ec                MVP_IRQHandler
                0x080097ec                LETIMER0_IRQHandler
                0x080097ec                EUSART1_RX_IRQHandler
                0x080097ec                TIMER1_IRQHandler
                0x080097ec                HFRCO0_IRQHandler
                0x080097ec                SecureFault_Handler
                0x080097ec                BUFC_IRQHandler
                0x080097ec                DCDC_IRQHandler
                0x080097ec                MODEM_IRQHandler
                0x080097ec                Default_Handler
                0x080097ec                RAC_SEQ_IRQHandler
                0x080097ec                FRC_PRI_IRQHandler
                0x080097ec                EMU_IRQHandler
                0x080097ec                SW3_IRQHandler
                0x080097ec                KERNEL0_IRQHandler
                0x080097ec                FRC_IRQHandler
                0x080097ec                PCNT0_IRQHandler
                0x080097ec                KERNEL1_IRQHandler
                0x080097ec                AGC_IRQHandler
                0x080097ec                EUSART1_TX_IRQHandler
                0x080097ec                KEYSCAN_IRQHandler
                0x080097ec                sl_app_properties
                0x080097ec                HFRCOEM23_IRQHandler
                0x080097ec                BURTC_IRQHandler
                0x080097ec                SEMBRX_IRQHandler
                0x080097ec                RFECA0_IRQHandler
                0x080097ec                LFRCO_IRQHandler
                0x080097ec                VDAC1_IRQHandler
                0x080097ec                ACMP0_IRQHandler
                0x080097ec                MemManage_Handler
                0x080097ec                AHB2AHB0_IRQHandler
                0x080097ec                SVC_Handler
                0x080097ec                SMU_S_PRIVILEGED_IRQHandler
                0x080097ec                SW1_IRQHandler
                0x080097ec                CMU_IRQHandler
                0x080097ec                EUSART0_RX_IRQHandler
                0x080097ec                RAC_RSM_IRQHandler
                0x080097ec                SETAMPERHOST_IRQHandler
                0x080097ec                GPIO_ODD_IRQHandler
                0x080097ec                AES_IRQHandler
                0x080097ec                M33CTI0_IRQHandler
                0x080097ec                ICACHE0_IRQHandler
                0x080097ec                SMU_NS_PRIVILEGED_IRQHandler
                0x080097ec                FPUEXH_IRQHandler
                0x080097ec                PROTIMER_IRQHandler
                0x080097ec                ACMP1_IRQHandler
                0x080097ec                BusFault_Handler
                0x080097ec                MPAHBRAM_IRQHandler
 .text.FlashToRamCopy
                0x080097ee       0x16 ./gecko_sdk_4.4.3/platform/Device/SiliconLabs/EFR32MG24/Source/system_efr32mg24.o
                0x080097ee                FlashToRamCopy
 .text.SystemCLKIN0Get
                0x08009804        0x4 ./gecko_sdk_4.4.3/platform/Device/SiliconLabs/EFR32MG24/Source/system_efr32mg24.o
                0x08009804                SystemCLKIN0Get
 .text.SystemLFRCOClockGet
                0x08009808        0x6 ./gecko_sdk_4.4.3/platform/Device/SiliconLabs/EFR32MG24/Source/system_efr32mg24.o
                0x08009808                SystemLFRCOClockGet
 .text.SystemULFRCOClockGet
                0x0800980e        0x6 ./gecko_sdk_4.4.3/platform/Device/SiliconLabs/EFR32MG24/Source/system_efr32mg24.o
                0x0800980e                SystemULFRCOClockGet
 .text.assertEFM
                0x08009814        0x2 ./gecko_sdk_4.4.3/platform/common/src/sl_assert.o
                0x08009814                assertEFM
 .text.sl_debug_swo_enable_itm
                0x08009816       0x16 ./gecko_sdk_4.4.3/platform/driver/debug/src/sl_debug_swo.o
                0x08009816                sl_debug_swo_enable_itm
 .text.sl_debug_swo_disable_itm
                0x0800982c       0x18 ./gecko_sdk_4.4.3/platform/driver/debug/src/sl_debug_swo.o
                0x0800982c                sl_debug_swo_disable_itm
 .text.DMADRV_PeripheralMemory
                0x08009844       0x34 ./gecko_sdk_4.4.3/platform/emdrv/dmadrv/src/dmadrv.o
                0x08009844                DMADRV_PeripheralMemory
 .text.BUS_RegMaskedWrite
                0x08009878       0x1e ./gecko_sdk_4.4.3/platform/emlib/src/em_cmu.o
 .text.waitStateMax
                0x08009896       0x10 ./gecko_sdk_4.4.3/platform/emlib/src/em_cmu.o
 .text.CMU_UpdateWaitStates
                0x080098a6        0xc ./gecko_sdk_4.4.3/platform/emlib/src/em_cmu.o
                0x080098a6                CMU_UpdateWaitStates
 .text.pclkDivMax
                0x080098b2        0xa ./gecko_sdk_4.4.3/platform/emlib/src/em_cmu.o
 .text.sli_em_cmu_SYSCLKInitPostClockSelect
                0x080098bc       0x2a ./gecko_sdk_4.4.3/platform/emlib/src/em_cmu.o
                0x080098bc                sli_em_cmu_SYSCLKInitPostClockSelect
 .text.CORE_EnterCritical
                0x080098e6        0x8 ./gecko_sdk_4.4.3/platform/emlib/src/em_core.o
                0x080098e6                CORE_EnterCritical
 .text.CORE_ExitCritical
                0x080098ee        0x6 ./gecko_sdk_4.4.3/platform/emlib/src/em_core.o
                0x080098ee                CORE_ExitCritical
 .text.CORE_EnterAtomic
                0x080098f4        0xc ./gecko_sdk_4.4.3/platform/emlib/src/em_core.o
                0x080098f4                CORE_EnterAtomic
 .text.CORE_ExitAtomic
                0x08009900        0x6 ./gecko_sdk_4.4.3/platform/emlib/src/em_core.o
                0x08009900                CORE_ExitAtomic
 .text.EMU_EFPEM01VScale
                0x08009906        0x2 ./gecko_sdk_4.4.3/platform/emlib/src/em_emu.o
                0x08009906                EMU_EFPEM01VScale
 .text.EMU_DCDCUpdatedHook
                0x08009908        0x2 ./gecko_sdk_4.4.3/platform/emlib/src/em_emu.o
                0x08009908                EMU_DCDCUpdatedHook
 .text.BUS_RegMaskedWrite
                0x0800990a       0x1e ./gecko_sdk_4.4.3/platform/emlib/src/em_gpio.o
 .text.GPIO_DbgLocationSet
                0x08009928        0x2 ./gecko_sdk_4.4.3/platform/emlib/src/em_gpio.o
                0x08009928                GPIO_DbgLocationSet
 .text.USART_SpiTransfer
                0x0800992a       0x14 ./gecko_sdk_4.4.3/platform/emlib/src/em_usart.o
                0x0800992a                USART_SpiTransfer
 .text.USART_Tx
                0x0800993e        0xa ./gecko_sdk_4.4.3/platform/emlib/src/em_usart.o
                0x0800993e                USART_Tx
 .text.sl_iostream_write
                0x08009948       0x22 ./gecko_sdk_4.4.3/platform/service/iostream/src/sl_iostream.o
                0x08009948                sl_iostream_write
 .text.sl_iostream_read
                0x0800996a       0x30 ./gecko_sdk_4.4.3/platform/service/iostream/src/sl_iostream.o
                0x0800996a                sl_iostream_read
 .text.sl_iostream_vprintf
                0x0800999a       0x44 ./gecko_sdk_4.4.3/platform/service/iostream/src/sl_iostream.o
                0x0800999a                sl_iostream_vprintf
 .text.sl_iostream_printf
                0x080099de       0x1a ./gecko_sdk_4.4.3/platform/service/iostream/src/sl_iostream.o
                0x080099de                sl_iostream_printf
 .text._close   0x080099f8        0x4 ./gecko_sdk_4.4.3/platform/service/iostream/src/sl_iostream_retarget_stdio.o
                0x080099f8                _close
 .text._exit    0x080099fc        0x2 ./gecko_sdk_4.4.3/platform/service/iostream/src/sl_iostream_retarget_stdio.o
                0x080099fc                _exit
 .text._fstat   0x080099fe        0xa ./gecko_sdk_4.4.3/platform/service/iostream/src/sl_iostream_retarget_stdio.o
                0x080099fe                _fstat
 .text._getpid  0x08009a08        0x4 ./gecko_sdk_4.4.3/platform/service/iostream/src/sl_iostream_retarget_stdio.o
                0x08009a08                _getpid
 .text._isatty  0x08009a0c        0x4 ./gecko_sdk_4.4.3/platform/service/iostream/src/sl_iostream_retarget_stdio.o
                0x08009a0c                _isatty
 .text._kill    0x08009a10        0x6 ./gecko_sdk_4.4.3/platform/service/iostream/src/sl_iostream_retarget_stdio.o
                0x08009a10                _kill
 .text._lseek   0x08009a16        0x4 ./gecko_sdk_4.4.3/platform/service/iostream/src/sl_iostream_retarget_stdio.o
                0x08009a16                _lseek
 .text._read    0x08009a1a       0x1c ./gecko_sdk_4.4.3/platform/service/iostream/src/sl_iostream_retarget_stdio.o
                0x08009a1a                _read
 .text.set_auto_cr_lf
                0x08009a36        0x6 ./gecko_sdk_4.4.3/platform/service/iostream/src/sl_iostream_uart.o
 .text.get_auto_cr_lf
                0x08009a3c        0x6 ./gecko_sdk_4.4.3/platform/service/iostream/src/sl_iostream_uart.o
 .text.usart_set_next_byte_detect
                0x08009a42        0xc ./gecko_sdk_4.4.3/platform/service/iostream/src/sl_iostream_usart.o
 .text.usart_deinit
                0x08009a4e       0x78 ./gecko_sdk_4.4.3/platform/service/iostream/src/sl_iostream_usart.o
 .text.usart_tx
                0x08009ac6        0xc ./gecko_sdk_4.4.3/platform/service/iostream/src/sl_iostream_usart.o
 .text.sl_iostream_usart_irq_handler
                0x08009ad2       0x70 ./gecko_sdk_4.4.3/platform/service/iostream/src/sl_iostream_usart.o
                0x08009ad2                sl_iostream_usart_irq_handler
 .text.sleeptimer_hal_get_compare
                0x08009b42        0x8 ./gecko_sdk_4.4.3/platform/service/sleeptimer/src/sl_sleeptimer_hal_sysrtc.o
                0x08009b42                sleeptimer_hal_get_compare
 .text.sleeptimer_hal_enable_int
                0x08009b4a       0x12 ./gecko_sdk_4.4.3/platform/service/sleeptimer/src/sl_sleeptimer_hal_sysrtc.o
                0x08009b4a                sleeptimer_hal_enable_int
 .text.SYSRTC_APP_IRQHandler
                0x08009b5c       0x34 ./gecko_sdk_4.4.3/platform/service/sleeptimer/src/sl_sleeptimer_hal_sysrtc.o
                0x08009b5c                SYSRTC_APP_IRQHandler
 .text.sleeptimer_hal_get_timer_frequency
                0x08009b90        0x6 ./gecko_sdk_4.4.3/platform/service/sleeptimer/src/sl_sleeptimer_hal_sysrtc.o
                0x08009b90                sleeptimer_hal_get_timer_frequency
 .text.sl_system_init
                0x08009b96       0x1a ./gecko_sdk_4.4.3/platform/service/system/src/sl_system_init.o
                0x08009b96                sl_system_init
 .text.sl_system_process_action
                0x08009bb0       0x16 ./gecko_sdk_4.4.3/platform/service/system/src/sl_system_process_action.o
                0x08009bb0                sl_system_process_action
 .text.i2c_master_configure_default
                0x08009bc6       0x16 ./third_party_hw_drivers_4.0.0/driver/peripheral_drivers/mikroe/src/drv_i2c_master.o
                0x08009bc6                i2c_master_configure_default
 .text.check_adjacent_pixels
                0x08009bdc       0x24 ./third_party_hw_drivers_4.0.0/driver/public/silabs/ir_array_mlx90640/src/sparkfun_mlx90640.o
 .text.sparkfun_mlx90640_get_frame_data.part.0
                0x08009c00      0x13a ./third_party_hw_drivers_4.0.0/driver/public/silabs/ir_array_mlx90640/src/sparkfun_mlx90640.o
 .text.sparkfun_mlx90640_dump_ee
                0x08009d3a       0x14 ./third_party_hw_drivers_4.0.0/driver/public/silabs/ir_array_mlx90640/src/sparkfun_mlx90640.o
                0x08009d3a                sparkfun_mlx90640_dump_ee
 .text.sparkfun_mlx90640_set_refresh_rate
                0x08009d4e       0x38 ./third_party_hw_drivers_4.0.0/driver/public/silabs/ir_array_mlx90640/src/sparkfun_mlx90640.o
                0x08009d4e                sparkfun_mlx90640_set_refresh_rate
 .text.sparkfun_mlx90640_get_refresh_rate
                0x08009d86       0x2c ./third_party_hw_drivers_4.0.0/driver/public/silabs/ir_array_mlx90640/src/sparkfun_mlx90640.o
                0x08009d86                sparkfun_mlx90640_get_refresh_rate
 .text.__cvt    0x08009db2       0xd0 c:/siliconlabs/simplicitystudio/v5/developer/toolchains/gnu_arm/12.2.rel1_2023.7/bin/../lib/gcc/arm-none-eabi/12.2.1/thumb/v8-m.main+fp/hard\libc_nano.a(libc_a-nano-vfprintf_float.o)
                0x08009db2                __cvt
 .text.__exponent
                0x08009e82       0x72 c:/siliconlabs/simplicitystudio/v5/developer/toolchains/gnu_arm/12.2.rel1_2023.7/bin/../lib/gcc/arm-none-eabi/12.2.1/thumb/v8-m.main+fp/hard\libc_nano.a(libc_a-nano-vfprintf_float.o)
                0x08009e82                __exponent
 .text._printf_common
                0x08009ef4       0xe4 c:/siliconlabs/simplicitystudio/v5/developer/toolchains/gnu_arm/12.2.rel1_2023.7/bin/../lib/gcc/arm-none-eabi/12.2.1/thumb/v8-m.main+fp/hard\libc_nano.a(libc_a-nano-vfprintf_i.o)
                0x08009ef4                _printf_common
 .text._fwalk_sglue
                0x08009fd8       0x3c c:/siliconlabs/simplicitystudio/v5/developer/toolchains/gnu_arm/12.2.rel1_2023.7/bin/../lib/gcc/arm-none-eabi/12.2.1/thumb/v8-m.main+fp/hard\libc_nano.a(libc_a-fwalk.o)
                0x08009fd8                _fwalk_sglue
 .text.__sread  0x0800a014       0x22 c:/siliconlabs/simplicitystudio/v5/developer/toolchains/gnu_arm/12.2.rel1_2023.7/bin/../lib/gcc/arm-none-eabi/12.2.1/thumb/v8-m.main+fp/hard\libc_nano.a(libc_a-stdio.o)
                0x0800a014                __sread
 .text.__swrite
                0x0800a036       0x38 c:/siliconlabs/simplicitystudio/v5/developer/toolchains/gnu_arm/12.2.rel1_2023.7/bin/../lib/gcc/arm-none-eabi/12.2.1/thumb/v8-m.main+fp/hard\libc_nano.a(libc_a-stdio.o)
                0x0800a036                __swrite
 .text.__sseek  0x0800a06e       0x24 c:/siliconlabs/simplicitystudio/v5/developer/toolchains/gnu_arm/12.2.rel1_2023.7/bin/../lib/gcc/arm-none-eabi/12.2.1/thumb/v8-m.main+fp/hard\libc_nano.a(libc_a-stdio.o)
                0x0800a06e                __sseek
 .text.__sclose
                0x0800a092        0x8 c:/siliconlabs/simplicitystudio/v5/developer/toolchains/gnu_arm/12.2.rel1_2023.7/bin/../lib/gcc/arm-none-eabi/12.2.1/thumb/v8-m.main+fp/hard\libc_nano.a(libc_a-stdio.o)
                0x0800a092                __sclose
 .text.memset   0x0800a09a       0x10 c:/siliconlabs/simplicitystudio/v5/developer/toolchains/gnu_arm/12.2.rel1_2023.7/bin/../lib/gcc/arm-none-eabi/12.2.1/thumb/v8-m.main+fp/hard\libc_nano.a(libc_a-memset.o)
                0x0800a09a                memset
 .text.__retarget_lock_init_recursive
                0x0800a0aa        0x2 c:/siliconlabs/simplicitystudio/v5/developer/toolchains/gnu_arm/12.2.rel1_2023.7/bin/../lib/gcc/arm-none-eabi/12.2.1/thumb/v8-m.main+fp/hard\libc_nano.a(libc_a-lock.o)
                0x0800a0aa                __retarget_lock_init_recursive
 .text.__retarget_lock_acquire_recursive
                0x0800a0ac        0x2 c:/siliconlabs/simplicitystudio/v5/developer/toolchains/gnu_arm/12.2.rel1_2023.7/bin/../lib/gcc/arm-none-eabi/12.2.1/thumb/v8-m.main+fp/hard\libc_nano.a(libc_a-lock.o)
                0x0800a0ac                __retarget_lock_acquire_recursive
 .text.__retarget_lock_release_recursive
                0x0800a0ae        0x2 c:/siliconlabs/simplicitystudio/v5/developer/toolchains/gnu_arm/12.2.rel1_2023.7/bin/../lib/gcc/arm-none-eabi/12.2.1/thumb/v8-m.main+fp/hard\libc_nano.a(libc_a-lock.o)
                0x0800a0ae                __retarget_lock_release_recursive
 .text.memchr   0x0800a0b0       0x1c c:/siliconlabs/simplicitystudio/v5/developer/toolchains/gnu_arm/12.2.rel1_2023.7/bin/../lib/gcc/arm-none-eabi/12.2.1/thumb/v8-m.main+fp/hard\libc_nano.a(libc_a-memchr-stub.o)
                0x0800a0b0                memchr
 .text.memcpy   0x0800a0cc       0x1a c:/siliconlabs/simplicitystudio/v5/developer/toolchains/gnu_arm/12.2.rel1_2023.7/bin/../lib/gcc/arm-none-eabi/12.2.1/thumb/v8-m.main+fp/hard\libc_nano.a(libc_a-memcpy-stub.o)
                0x0800a0cc                memcpy
 .text          0x0800a0e6       0x10 c:/siliconlabs/simplicitystudio/v5/developer/toolchains/gnu_arm/12.2.rel1_2023.7/bin/../lib/gcc/arm-none-eabi/12.2.1/thumb/v8-m.main+fp/hard\libc_nano.a(libc_a-strlen.o)
                0x0800a0e6                strlen
 .text.quorem   0x0800a0f6      0x11a c:/siliconlabs/simplicitystudio/v5/developer/toolchains/gnu_arm/12.2.rel1_2023.7/bin/../lib/gcc/arm-none-eabi/12.2.1/thumb/v8-m.main+fp/hard\libc_nano.a(libc_a-dtoa.o)
 .text.__hi0bits
                0x0800a210       0x44 c:/siliconlabs/simplicitystudio/v5/developer/toolchains/gnu_arm/12.2.rel1_2023.7/bin/../lib/gcc/arm-none-eabi/12.2.1/thumb/v8-m.main+fp/hard\libc_nano.a(libc_a-mprec.o)
                0x0800a210                __hi0bits
 .text.__lo0bits
                0x0800a254       0x5a c:/siliconlabs/simplicitystudio/v5/developer/toolchains/gnu_arm/12.2.rel1_2023.7/bin/../lib/gcc/arm-none-eabi/12.2.1/thumb/v8-m.main+fp/hard\libc_nano.a(libc_a-mprec.o)
                0x0800a254                __lo0bits
 .text.__mcmp   0x0800a2ae       0x36 c:/siliconlabs/simplicitystudio/v5/developer/toolchains/gnu_arm/12.2.rel1_2023.7/bin/../lib/gcc/arm-none-eabi/12.2.1/thumb/v8-m.main+fp/hard\libc_nano.a(libc_a-mprec.o)
                0x0800a2ae                __mcmp
 .text.__sfputc_r
                0x0800a2e4       0x2e c:/siliconlabs/simplicitystudio/v5/developer/toolchains/gnu_arm/12.2.rel1_2023.7/bin/../lib/gcc/arm-none-eabi/12.2.1/thumb/v8-m.main+fp/hard\libc_nano.a(libc_a-nano-vfprintf.o)
 .text.__sfputs_r
                0x0800a312       0x24 c:/siliconlabs/simplicitystudio/v5/developer/toolchains/gnu_arm/12.2.rel1_2023.7/bin/../lib/gcc/arm-none-eabi/12.2.1/thumb/v8-m.main+fp/hard\libc_nano.a(libc_a-nano-vfprintf.o)
                0x0800a312                __sfputs_r
 .text.__sflush_r
                0x0800a336      0x106 c:/siliconlabs/simplicitystudio/v5/developer/toolchains/gnu_arm/12.2.rel1_2023.7/bin/../lib/gcc/arm-none-eabi/12.2.1/thumb/v8-m.main+fp/hard\libc_nano.a(libc_a-fflush.o)
                0x0800a336                __sflush_r
 .text._fflush_r
                0x0800a43c       0x50 c:/siliconlabs/simplicitystudio/v5/developer/toolchains/gnu_arm/12.2.rel1_2023.7/bin/../lib/gcc/arm-none-eabi/12.2.1/thumb/v8-m.main+fp/hard\libc_nano.a(libc_a-fflush.o)
                0x0800a43c                _fflush_r
 .text.__swhatbuf_r
                0x0800a48c       0x4a c:/siliconlabs/simplicitystudio/v5/developer/toolchains/gnu_arm/12.2.rel1_2023.7/bin/../lib/gcc/arm-none-eabi/12.2.1/thumb/v8-m.main+fp/hard\libc_nano.a(libc_a-makebuf.o)
                0x0800a48c                __swhatbuf_r
 .text.__smakebuf_r
                0x0800a4d6       0x78 c:/siliconlabs/simplicitystudio/v5/developer/toolchains/gnu_arm/12.2.rel1_2023.7/bin/../lib/gcc/arm-none-eabi/12.2.1/thumb/v8-m.main+fp/hard\libc_nano.a(libc_a-makebuf.o)
                0x0800a4d6                __smakebuf_r
 .text.__swbuf_r
                0x0800a54e       0x7c c:/siliconlabs/simplicitystudio/v5/developer/toolchains/gnu_arm/12.2.rel1_2023.7/bin/../lib/gcc/arm-none-eabi/12.2.1/thumb/v8-m.main+fp/hard\libc_nano.a(libc_a-wbuf.o)
                0x0800a54e                __swbuf_r
 .text._calloc_r
                0x0800a5ca       0x28 c:/siliconlabs/simplicitystudio/v5/developer/toolchains/gnu_arm/12.2.rel1_2023.7/bin/../lib/gcc/arm-none-eabi/12.2.1/thumb/v8-m.main+fp/hard\libc_nano.a(libc_a-callocr.o)
                0x0800a5ca                _calloc_r
 .text.__ascii_mbtowc
                0x0800a5f2       0x24 c:/siliconlabs/simplicitystudio/v5/developer/toolchains/gnu_arm/12.2.rel1_2023.7/bin/../lib/gcc/arm-none-eabi/12.2.1/thumb/v8-m.main+fp/hard\libc_nano.a(libc_a-mbtowc_r.o)
                0x0800a5f2                __ascii_mbtowc
 .text.__ascii_wctomb
                0x0800a616       0x1a c:/siliconlabs/simplicitystudio/v5/developer/toolchains/gnu_arm/12.2.rel1_2023.7/bin/../lib/gcc/arm-none-eabi/12.2.1/thumb/v8-m.main+fp/hard\libc_nano.a(libc_a-wctomb_r.o)
                0x0800a616                __ascii_wctomb
 .text.abort    0x0800a630        0xe c:/siliconlabs/simplicitystudio/v5/developer/toolchains/gnu_arm/12.2.rel1_2023.7/bin/../lib/gcc/arm-none-eabi/12.2.1/thumb/v8-m.main+fp/hard\libc_nano.a(libc_a-abort.o)
                0x0800a630                abort
 .text._raise_r
                0x0800a63e       0x50 c:/siliconlabs/simplicitystudio/v5/developer/toolchains/gnu_arm/12.2.rel1_2023.7/bin/../lib/gcc/arm-none-eabi/12.2.1/thumb/v8-m.main+fp/hard\libc_nano.a(libc_a-signal.o)
                0x0800a63e                _raise_r
 .text._getpid_r
                0x0800a68e        0x4 c:/siliconlabs/simplicitystudio/v5/developer/toolchains/gnu_arm/12.2.rel1_2023.7/bin/../lib/gcc/arm-none-eabi/12.2.1/thumb/v8-m.main+fp/hard\libc_nano.a(libc_a-signalr.o)
                0x0800a68e                _getpid_r
                0x0800a6a0                . = ALIGN (0x20)
 *fill*         0x0800a692        0xe 
                0x0800a6a0                linker_code_end = .
 *(.init)
 .init          0x0800a6a0        0x4 c:/siliconlabs/simplicitystudio/v5/developer/toolchains/gnu_arm/12.2.rel1_2023.7/bin/../lib/gcc/arm-none-eabi/12.2.1/thumb/v8-m.main+fp/hard/crti.o
                0x0800a6a0                _init
 .init          0x0800a6a4        0x8 c:/siliconlabs/simplicitystudio/v5/developer/toolchains/gnu_arm/12.2.rel1_2023.7/bin/../lib/gcc/arm-none-eabi/12.2.1/thumb/v8-m.main+fp/hard/crtn.o
 *(.fini)
 .fini          0x0800a6ac        0x4 c:/siliconlabs/simplicitystudio/v5/developer/toolchains/gnu_arm/12.2.rel1_2023.7/bin/../lib/gcc/arm-none-eabi/12.2.1/thumb/v8-m.main+fp/hard/crti.o
                0x0800a6ac                _fini
 .fini          0x0800a6b0        0x8 c:/siliconlabs/simplicitystudio/v5/developer/toolchains/gnu_arm/12.2.rel1_2023.7/bin/../lib/gcc/arm-none-eabi/12.2.1/thumb/v8-m.main+fp/hard/crtn.o
 *crtbegin.o(.ctors)
 *crtbegin?.o(.ctors)
 *(EXCLUDE_FILE(*crtend.o *crtend?.o) .ctors)
 *(SORT_BY_NAME(.ctors.*))
 *(.ctors)
 *crtbegin.o(.dtors)
 *crtbegin?.o(.dtors)
 *(EXCLUDE_FILE(*crtend.o *crtend?.o) .dtors)
 *(SORT_BY_NAME(.dtors.*))
 *(.dtors)
                0x0800a6b8                __code_classification_validator_start__ = .
                0x0800a6d8                . = (. + 0x20)
 *fill*         0x0800a6b8       0x20 
 *(code_classification_validator)
                0x0800a6e0                . = ALIGN (0x20)
 *fill*         0x0800a6d8        0x8 
                0x0800a6e0                __code_classification_validator_end__ = .
 *(.rodata*)
 .rodata.app_init.str1.1
                0x0800a6e0       0xa7 ./app.o
                                 0xa9 (size before relaxing)
 .rodata.app_process_action.str1.1
                0x0800a787        0xf ./app.o
 .rodata.__func__.0
                0x0800a796        0x9 ./app.o
 .rodata.sl_iostream_usart_init_vcom.str1.1
                0x0800a79f       0x2e ./autogen/sl_iostream_init_usart_instances.o
 *fill*         0x0800a7cd        0x3 
 .rodata        0x0800a7d0       0x1c ./autogen/sl_iostream_init_usart_instances.o
 .rodata.sl_status_print.str1.1
                0x0800a7ec        0x2 ./gecko_sdk_4.4.3/app/common/util/app_log/app_log.o
 .rodata._app_log_status_string.str1.1
                0x0800a7ee        0x5 ./gecko_sdk_4.4.3/app/common/util/app_log/app_log.o
 *fill*         0x0800a7f3        0x1 
 .rodata        0x0800a7f4       0x1c ./gecko_sdk_4.4.3/hardware/driver/mx25_flash_shutdown/src/sl_mx25_flash_shutdown_usart/sl_mx25_flash_shutdown.o
 .rodata.I2CSPM_Init.str1.1
                0x0800a810       0xa6 ./gecko_sdk_4.4.3/platform/driver/i2cspm/src/sl_i2cspm.o
 .rodata.CSWTCH.10
                0x0800a8b6        0x8 ./gecko_sdk_4.4.3/platform/driver/i2cspm/src/sl_i2cspm.o
 .rodata        0x0800a8be        0x4 ./gecko_sdk_4.4.3/platform/emdrv/dmadrv/src/dmadrv.o
 .rodata.HFRCODPLLDevinfoGet.str1.1
                0x0800a8c2       0x4d ./gecko_sdk_4.4.3/platform/emlib/src/em_cmu.o
 .rodata.EMU_VScaleEM01.str1.1
                0x0800a90f       0x4d ./gecko_sdk_4.4.3/platform/emlib/src/em_emu.o
 .rodata.GPIO_PinOutSet.str1.1
                0x0800a95c       0x4e ./gecko_sdk_4.4.3/platform/emlib/src/em_gpio.o
 .rodata.GPIO_ExtIntConfig.str1.1
                0x0800a95c       0x4e ./gecko_sdk_4.4.3/platform/emlib/src/em_gpio.o
 .rodata.CSWTCH.31
                0x0800a9aa        0x8 ./gecko_sdk_4.4.3/platform/emlib/src/em_gpio.o
 .rodata.I2C_BusFreqGet.str1.1
                0x0800a9b2       0x4d ./gecko_sdk_4.4.3/platform/emlib/src/em_i2c.o
 .rodata.i2cNSum
                0x0800a9ff        0x4 ./gecko_sdk_4.4.3/platform/emlib/src/em_i2c.o
 .rodata.LDMA_EnableChannelRequest.str1.1
                0x0800aa03       0x9b ./gecko_sdk_4.4.3/platform/emlib/src/em_ldma.o
 .rodata.USART_BaudrateAsyncSet.str1.1
                0x0800aa9e       0x4f ./gecko_sdk_4.4.3/platform/emlib/src/em_usart.o
 .rodata.sl_hal_sysrtc_init_group.str1.1
                0x0800aaed       0x5d ./gecko_sdk_4.4.3/platform/peripheral/src/peripheral_sysrtc.o
 .rodata        0x0800ab4a        0x7 ./gecko_sdk_4.4.3/platform/service/device_init/src/sl_device_init_dcdc_s2.o
 *fill*         0x0800ab51        0x3 
 .rodata        0x0800ab54       0x28 ./gecko_sdk_4.4.3/platform/service/device_init/src/sl_device_init_hfxo_s2.o
 .rodata        0x0800ab7c       0x14 ./gecko_sdk_4.4.3/platform/service/device_init/src/sl_device_init_lfxo_s2.o
 .rodata._write.str1.1
                0x0800ab90       0x6c ./gecko_sdk_4.4.3/platform/service/iostream/src/sl_iostream_retarget_stdio.o
 .rodata.get_write_ptr.str1.1
                0x0800abfc       0x62 ./gecko_sdk_4.4.3/platform/service/iostream/src/sl_iostream_uart.o
 .rodata.process_timer_irq.str1.1
                0x0800ac5e       0x61 ./gecko_sdk_4.4.3/platform/service/sleeptimer/src/sl_sleeptimer.o
 .rodata.sl_udelay_wait.str1.1
                0x0800acbf       0x59 ./gecko_sdk_4.4.3/platform/service/udelay/src/sl_udelay.o
 .rodata._ctype_
                0x0800ad18      0x101 c:/siliconlabs/simplicitystudio/v5/developer/toolchains/gnu_arm/12.2.rel1_2023.7/bin/../lib/gcc/arm-none-eabi/12.2.1/thumb/v8-m.main+fp/hard\libc_nano.a(libc_a-ctype_.o)
                0x0800ad18                _ctype_
 .rodata._printf_float.str1.1
                0x0800ae19       0x12 c:/siliconlabs/simplicitystudio/v5/developer/toolchains/gnu_arm/12.2.rel1_2023.7/bin/../lib/gcc/arm-none-eabi/12.2.1/thumb/v8-m.main+fp/hard\libc_nano.a(libc_a-nano-vfprintf_float.o)
 .rodata._printf_i.str1.1
                0x0800ae2b       0x22 c:/siliconlabs/simplicitystudio/v5/developer/toolchains/gnu_arm/12.2.rel1_2023.7/bin/../lib/gcc/arm-none-eabi/12.2.1/thumb/v8-m.main+fp/hard\libc_nano.a(libc_a-nano-vfprintf_i.o)
 .rodata._dtoa_r.str1.1
                0x0800ae4d       0x8e c:/siliconlabs/simplicitystudio/v5/developer/toolchains/gnu_arm/12.2.rel1_2023.7/bin/../lib/gcc/arm-none-eabi/12.2.1/thumb/v8-m.main+fp/hard\libc_nano.a(libc_a-dtoa.o)
                                 0x90 (size before relaxing)
 .rodata._Balloc.str1.1
                0x0800aedb       0x5a c:/siliconlabs/simplicitystudio/v5/developer/toolchains/gnu_arm/12.2.rel1_2023.7/bin/../lib/gcc/arm-none-eabi/12.2.1/thumb/v8-m.main+fp/hard\libc_nano.a(libc_a-mprec.o)
                                 0x71 (size before relaxing)
 .rodata.__multadd.str1.1
                0x0800af35       0x11 c:/siliconlabs/simplicitystudio/v5/developer/toolchains/gnu_arm/12.2.rel1_2023.7/bin/../lib/gcc/arm-none-eabi/12.2.1/thumb/v8-m.main+fp/hard\libc_nano.a(libc_a-mprec.o)
 *fill*         0x0800af35        0x3 
 .rodata.p05.0  0x0800af38        0xc c:/siliconlabs/simplicitystudio/v5/developer/toolchains/gnu_arm/12.2.rel1_2023.7/bin/../lib/gcc/arm-none-eabi/12.2.1/thumb/v8-m.main+fp/hard\libc_nano.a(libc_a-mprec.o)
 *fill*         0x0800af44        0x4 
 .rodata.__mprec_bigtens
                0x0800af48       0x28 c:/siliconlabs/simplicitystudio/v5/developer/toolchains/gnu_arm/12.2.rel1_2023.7/bin/../lib/gcc/arm-none-eabi/12.2.1/thumb/v8-m.main+fp/hard\libc_nano.a(libc_a-mprec.o)
                0x0800af48                __mprec_bigtens
 .rodata.__mprec_tens
                0x0800af70       0xc8 c:/siliconlabs/simplicitystudio/v5/developer/toolchains/gnu_arm/12.2.rel1_2023.7/bin/../lib/gcc/arm-none-eabi/12.2.1/thumb/v8-m.main+fp/hard\libc_nano.a(libc_a-mprec.o)
                0x0800af70                __mprec_tens
 .rodata._vfprintf_r.str1.1
                0x0800b038       0x11 c:/siliconlabs/simplicitystudio/v5/developer/toolchains/gnu_arm/12.2.rel1_2023.7/bin/../lib/gcc/arm-none-eabi/12.2.1/thumb/v8-m.main+fp/hard\libc_nano.a(libc_a-nano-vfprintf.o)
 .rodata._setlocale_r.str1.1
                0x0800b049        0x8 c:/siliconlabs/simplicitystudio/v5/developer/toolchains/gnu_arm/12.2.rel1_2023.7/bin/../lib/gcc/arm-none-eabi/12.2.1/thumb/v8-m.main+fp/hard\libc_nano.a(libc_a-locale.o)
                                  0x9 (size before relaxing)
 .rodata.str1.1
                0x0800b051        0x2 c:/siliconlabs/simplicitystudio/v5/developer/toolchains/gnu_arm/12.2.rel1_2023.7/bin/../lib/gcc/arm-none-eabi/12.2.1/thumb/v8-m.main+fp/hard\libc_nano.a(libc_a-locale.o)
 .rodata.__assert_func.str1.1
                0x0800b053       0x3c c:/siliconlabs/simplicitystudio/v5/developer/toolchains/gnu_arm/12.2.rel1_2023.7/bin/../lib/gcc/arm-none-eabi/12.2.1/thumb/v8-m.main+fp/hard\libc_nano.a(libc_a-assert.o)
                                 0x3d (size before relaxing)
 *(.eh_frame*)
 *fill*         0x0800b08f        0x1 
 .eh_frame      0x0800b090        0x0 c:/siliconlabs/simplicitystudio/v5/developer/toolchains/gnu_arm/12.2.rel1_2023.7/bin/../lib/gcc/arm-none-eabi/12.2.1/thumb/v8-m.main+fp/hard/crtbegin.o

.glue_7         0x0800b090        0x0
 .glue_7        0x0800b090        0x0 linker stubs

.glue_7t        0x0800b090        0x0
 .glue_7t       0x0800b090        0x0 linker stubs

.vfp11_veneer   0x0800b090        0x0
 .vfp11_veneer  0x0800b090        0x0 linker stubs

.v4_bx          0x0800b090        0x0
 .v4_bx         0x0800b090        0x0 linker stubs

.iplt           0x0800b090        0x0
 .iplt          0x0800b090        0x0 c:/siliconlabs/simplicitystudio/v5/developer/toolchains/gnu_arm/12.2.rel1_2023.7/bin/../lib/gcc/arm-none-eabi/12.2.1/thumb/v8-m.main+fp/hard/crtbegin.o

.ARM.extab
 *(.ARM.extab* .gnu.linkonce.armextab.*)
                0x0800b090                __exidx_start = .

.ARM.exidx      0x0800b090        0x8
 *(.ARM.exidx* .gnu.linkonce.armexidx.*)
 .ARM.exidx     0x0800b090        0x8 c:/siliconlabs/simplicitystudio/v5/developer/toolchains/gnu_arm/12.2.rel1_2023.7/bin/../lib/gcc/arm-none-eabi/12.2.1/thumb/v8-m.main+fp/hard/crt0.o
                                 0x10 (size before relaxing)
 .ARM.exidx.text.__udivmoddi4
                0x0800b098        0x0 c:/siliconlabs/simplicitystudio/v5/developer/toolchains/gnu_arm/12.2.rel1_2023.7/bin/../lib/gcc/arm-none-eabi/12.2.1/thumb/v8-m.main+fp/hard\libgcc.a(_udivmoddi4.o)
                                  0x8 (size before relaxing)
                0x0800b098                __exidx_end = .

.rel.dyn        0x0800b098        0x0
 .rel.iplt      0x0800b098        0x0 c:/siliconlabs/simplicitystudio/v5/developer/toolchains/gnu_arm/12.2.rel1_2023.7/bin/../lib/gcc/arm-none-eabi/12.2.1/thumb/v8-m.main+fp/hard/crtbegin.o

.copy.table     0x0800b098        0xc
                0x0800b098                . = ALIGN (0x4)
                0x0800b098                __copy_table_start__ = .
                0x0800b098        0x4 LONG 0x800b0a4 __etext
                0x0800b09c        0x4 LONG 0x20002800 __data_start__
                0x0800b0a0        0x4 LONG 0x86 ((__data_end__ - __data_start__) / 0x4)
                0x0800b0a4                __copy_table_end__ = .

.zero.table     0x0800b0a4        0x0
                0x0800b0a4                . = ALIGN (0x4)
                0x0800b0a4                __zero_table_start__ = .
                0x0800b0a4                __zero_table_end__ = .
                0x0800b0a4                __etext = .
                0x20000000                . = ORIGIN (RAM)

.stack          0x20000000     0x2800
                0x20000000                __StackLimit = .
 *(.stack*)
 .stack         0x20000000     0x2800 ./gecko_sdk_4.4.3/platform/common/toolchain/src/sl_memory.o
                0x20002800                . = ALIGN (0x4)
                0x20002800                __StackTop = .
                0x20002800                PROVIDE (__stack = __StackTop)

.noinit
 *(.noinit*)

.data           0x20002800      0x218 load address 0x0800b0a4
                0x20002800                . = ALIGN (0x4)
                0x20002800                __data_start__ = .
 *(vtable)
 *(SORT_BY_ALIGNMENT(.data*))
 .data.tiny     0x20002800        0x8 c:/siliconlabs/simplicitystudio/v5/developer/toolchains/gnu_arm/12.2.rel1_2023.7/bin/../lib/gcc/arm-none-eabi/12.2.1/thumb/v8-m.main+fp/hard\libm.a(libm_a-e_sqrt.o)
 .data.one      0x20002808        0x8 c:/siliconlabs/simplicitystudio/v5/developer/toolchains/gnu_arm/12.2.rel1_2023.7/bin/../lib/gcc/arm-none-eabi/12.2.1/thumb/v8-m.main+fp/hard\libm.a(libm_a-e_sqrt.o)
 .data.init_qwiic
                0x20002810       0x14 ./autogen/sl_i2cspm_init.o
                0x20002810                init_qwiic
 .data.sl_i2cspm_qwiic
                0x20002824        0x4 ./autogen/sl_i2cspm_init.o
                0x20002824                sl_i2cspm_qwiic
 .data.SystemCoreClock